Archive member included to satisfy reference by file (symbol)

/home/iamericmin/.pico-sdk/toolchain/14_2_Rel1/bin/../lib/gcc/arm-none-eabi/14.2.1/../../../../arm-none-eabi/lib/thumb/v8-m.main+fp/softfp/libm.a(libm_a-wf_sqrt.o)
                              CMakeFiles/stereoBoy_RP2350_FW.dir/home/iamericmin/.pico-sdk/sdk/2.2.0/src/rp2_common/pico_float/float_math.c.o (sqrtf)
/home/iamericmin/.pico-sdk/toolchain/14_2_Rel1/bin/../lib/gcc/arm-none-eabi/14.2.1/../../../../arm-none-eabi/lib/thumb/v8-m.main+fp/softfp/libm.a(libm_a-ef_sqrt.o)
                              /home/iamericmin/.pico-sdk/toolchain/14_2_Rel1/bin/../lib/gcc/arm-none-eabi/14.2.1/../../../../arm-none-eabi/lib/thumb/v8-m.main+fp/softfp/libm.a(libm_a-wf_sqrt.o) (__ieee754_sqrtf)
/home/iamericmin/.pico-sdk/toolchain/14_2_Rel1/bin/../lib/gcc/arm-none-eabi/14.2.1/thumb/v8-m.main+fp/softfp/libgcc.a(_arm_addsubdf3.o)
                              CMakeFiles/stereoBoy_RP2350_FW.dir/home/iamericmin/.pico-sdk/sdk/2.2.0/src/rp2_common/pico_float/float_math.c.o (__aeabi_f2d)
/home/iamericmin/.pico-sdk/toolchain/14_2_Rel1/bin/../lib/gcc/arm-none-eabi/14.2.1/thumb/v8-m.main+fp/softfp/libgcc.a(_aeabi_ldivmod.o)
                              CMakeFiles/stereoBoy_RP2350_FW.dir/home/iamericmin/.pico-sdk/sdk/2.2.0/src/common/pico_time/time.c.o (__aeabi_ldivmod)
/home/iamericmin/.pico-sdk/toolchain/14_2_Rel1/bin/../lib/gcc/arm-none-eabi/14.2.1/thumb/v8-m.main+fp/softfp/libgcc.a(_aeabi_uldivmod.o)
                              CMakeFiles/stereoBoy_RP2350_FW.dir/home/iamericmin/.pico-sdk/sdk/2.2.0/src/rp2_common/hardware_clocks/clocks.c.o (__aeabi_uldivmod)
/home/iamericmin/.pico-sdk/toolchain/14_2_Rel1/bin/../lib/gcc/arm-none-eabi/14.2.1/thumb/v8-m.main+fp/softfp/libgcc.a(_udivmoddi4.o)
                              /home/iamericmin/.pico-sdk/toolchain/14_2_Rel1/bin/../lib/gcc/arm-none-eabi/14.2.1/thumb/v8-m.main+fp/softfp/libgcc.a(_aeabi_ldivmod.o) (__udivmoddi4)
/home/iamericmin/.pico-sdk/toolchain/14_2_Rel1/bin/../lib/gcc/arm-none-eabi/14.2.1/thumb/v8-m.main+fp/softfp/libgcc.a(_dvmd_tls.o)
                              /home/iamericmin/.pico-sdk/toolchain/14_2_Rel1/bin/../lib/gcc/arm-none-eabi/14.2.1/thumb/v8-m.main+fp/softfp/libgcc.a(_aeabi_ldivmod.o) (__aeabi_ldiv0)
/home/iamericmin/.pico-sdk/toolchain/14_2_Rel1/bin/../lib/gcc/arm-none-eabi/14.2.1/../../../../arm-none-eabi/lib/thumb/v8-m.main+fp/softfp/libg.a(libc_a-calloc.o)
                              CMakeFiles/stereoBoy_RP2350_FW.dir/home/iamericmin/.pico-sdk/sdk/2.2.0/src/rp2_common/pico_malloc/malloc.c.o (calloc)
/home/iamericmin/.pico-sdk/toolchain/14_2_Rel1/bin/../lib/gcc/arm-none-eabi/14.2.1/../../../../arm-none-eabi/lib/thumb/v8-m.main+fp/softfp/libg.a(libc_a-callocr.o)
                              /home/iamericmin/.pico-sdk/toolchain/14_2_Rel1/bin/../lib/gcc/arm-none-eabi/14.2.1/../../../../arm-none-eabi/lib/thumb/v8-m.main+fp/softfp/libg.a(libc_a-calloc.o) (_calloc_r)
/home/iamericmin/.pico-sdk/toolchain/14_2_Rel1/bin/../lib/gcc/arm-none-eabi/14.2.1/../../../../arm-none-eabi/lib/thumb/v8-m.main+fp/softfp/libg.a(libc_a-malloc.o)
                              CMakeFiles/stereoBoy_RP2350_FW.dir/home/iamericmin/.pico-sdk/sdk/2.2.0/src/rp2_common/pico_malloc/malloc.c.o (malloc)
/home/iamericmin/.pico-sdk/toolchain/14_2_Rel1/bin/../lib/gcc/arm-none-eabi/14.2.1/../../../../arm-none-eabi/lib/thumb/v8-m.main+fp/softfp/libg.a(libc_a-mallocr.o)
                              /home/iamericmin/.pico-sdk/toolchain/14_2_Rel1/bin/../lib/gcc/arm-none-eabi/14.2.1/../../../../arm-none-eabi/lib/thumb/v8-m.main+fp/softfp/libg.a(libc_a-callocr.o) (_malloc_r)
/home/iamericmin/.pico-sdk/toolchain/14_2_Rel1/bin/../lib/gcc/arm-none-eabi/14.2.1/../../../../arm-none-eabi/lib/thumb/v8-m.main+fp/softfp/libg.a(libc_a-mlock.o)
                              /home/iamericmin/.pico-sdk/toolchain/14_2_Rel1/bin/../lib/gcc/arm-none-eabi/14.2.1/../../../../arm-none-eabi/lib/thumb/v8-m.main+fp/softfp/libg.a(libc_a-mallocr.o) (__malloc_lock)
/home/iamericmin/.pico-sdk/toolchain/14_2_Rel1/bin/../lib/gcc/arm-none-eabi/14.2.1/../../../../arm-none-eabi/lib/thumb/v8-m.main+fp/softfp/libg.a(libc_a-realloc.o)
                              CMakeFiles/stereoBoy_RP2350_FW.dir/home/iamericmin/.pico-sdk/sdk/2.2.0/src/rp2_common/pico_malloc/malloc.c.o (realloc)
/home/iamericmin/.pico-sdk/toolchain/14_2_Rel1/bin/../lib/gcc/arm-none-eabi/14.2.1/../../../../arm-none-eabi/lib/thumb/v8-m.main+fp/softfp/libg.a(libc_a-reallocr.o)
                              /home/iamericmin/.pico-sdk/toolchain/14_2_Rel1/bin/../lib/gcc/arm-none-eabi/14.2.1/../../../../arm-none-eabi/lib/thumb/v8-m.main+fp/softfp/libg.a(libc_a-realloc.o) (_realloc_r)
/home/iamericmin/.pico-sdk/toolchain/14_2_Rel1/bin/../lib/gcc/arm-none-eabi/14.2.1/../../../../arm-none-eabi/lib/thumb/v8-m.main+fp/softfp/libg.a(libc_a-memcmp.o)
                              CMakeFiles/stereoBoy_RP2350_FW.dir/home/iamericmin/.pico-sdk/sdk/2.2.0/src/rp2_common/pico_atomic/atomic.c.o (memcmp)
[...]
Memory Configuration

Name             Origin             Length             Attributes
FLASH            0x10000000         0x00400000         xr
RAM              0x20000000         0x00080000         xrw
SCRATCH_X        0x20080000         0x00001000         xrw
SCRATCH_Y        0x20081000         0x00001000         xrw
*default*        0x00000000         0xffffffff

Linker script and memory map

LOAD /home/iamericmin/.pico-sdk/toolchain/14_2_Rel1/bin/../lib/gcc/arm-none-eabi/14.2.1/thumb/v8-m.main+fp/softfp/crti.o
LOAD /home/iamericmin/.pico-sdk/toolchain/14_2_Rel1/bin/../lib/gcc/arm-none-eabi/14.2.1/thumb/v8-m.main+fp/softfp/crtbegin.o
LOAD /home/iamericmin/.pico-sdk/toolchain/14_2_Rel1/bin/../lib/gcc/arm-none-eabi/14.2.1/../../../../arm-none-eabi/lib/thumb/v8-m.main+fp/softfp/crt0.o

.flash_begin    0x10000000        0x0
                0x10000000                        __flash_binary_start = .

.text           0x10000000     0x6480
                0x10000000                        __logical_binary_start = .
 *(.vectors)
 .vectors       0x10000000      0x124 CMakeFiles/stereoBoy_RP2350_FW.dir/home/iamericmin/.pico-sdk/sdk/2.2.0/src/rp2_common/pico_crt0/crt0.S.o
                0x10000000                __vectors
                0x10000000                __VECTOR_TABLE
                0x10000110                isr_securefault
                0x10000110                isr_irq30
                0x10000110                __unhandled_user_irq
                0x10000110                isr_irq49
                0x10000110                isr_irq13
                0x10000110                isr_irq43
                0x10000110                isr_irq45
                0x10000110                isr_irq27
                0x10000110                isr_irq32
                0x10000110                isr_irq31
                0x10000110                isr_irq5
                0x10000110                isr_irq11
                0x10000110                isr_irq23
                0x10000110                isr_usagefault
                0x10000110                isr_irq48
                0x10000110                isr_irq35
                0x10000110                isr_irq18
                0x10000110                isr_irq50
                0x10000110                isr_irq40
                0x10000110                isr_irq28
                0x10000110                isr_irq19
                0x10000110                isr_irq36
                0x10000110                isr_irq41
                0x10000110                isr_irq0
                0x10000110                isr_irq6
                0x10000110                isr_memmanage
                0x10000110                isr_irq37
                0x10000110                isr_irq42
                0x10000110                isr_irq22
                0x10000110                isr_irq17
                0x10000110                isr_irq38
                0x10000110                isr_irq14
                0x10000110                __vectors_end
                0x10000110                __default_isrs_start
                0x10000110                isr_irq2
                0x10000110                isr_irq10
                0x10000110                isr_irq8
                0x10000110                isr_debugmonitor
                0x10000110                isr_irq24
                0x10000110                isr_irq46
                0x10000110                isr_irq1
                0x10000110                isr_irq47
                0x10000110                isr_irq51
                0x10000110                isr_irq7
                0x10000110                isr_irq21
                0x10000110                isr_irq39
                0x10000110                isr_irq20
                0x10000110                isr_irq15
                0x10000110                isr_irq25
                0x10000110                isr_irq34
                0x10000110                isr_irq4
                0x10000110                isr_busfault
                0x10000110                isr_irq16
                0x10000110                isr_irq44
                0x10000110                isr_irq29
                0x10000110                isr_irq26
                0x10000110                isr_irq33
                0x10000110                isr_irq3
                0x10000110                isr_irq12
                0x10000110                isr_irq9
                0x10000116                unhandled_user_irq_num_in_r0
                0x10000118                isr_invalid
                0x1000011a                isr_nmi
                0x1000011c                isr_hardfault
                0x1000011e                isr_svcall
                0x10000120                isr_pendsv
                0x10000122                isr_systick
                0x10000124                __default_isrs_end
 *(.binary_info_header)
 .binary_info_header
                0x10000124       0x14 CMakeFiles/stereoBoy_RP2350_FW.dir/home/iamericmin/.pico-sdk/sdk/2.2.0/src/rp2_common/pico_crt0/crt0.S.o
                0x10000138                        __binary_info_header_end = .
 *(.embedded_block)
 .embedded_block
                0x10000138       0x14 CMakeFiles/stereoBoy_RP2350_FW.dir/home/iamericmin/.pico-sdk/sdk/2.2.0/src/rp2_common/pico_crt0/crt0.S.o
                0x1000014c                        __embedded_block_end = .
 *(.reset)
 .reset         0x1000014c       0x98 CMakeFiles/stereoBoy_RP2350_FW.dir/home/iamericmin/.pico-sdk/sdk/2.2.0/src/rp2_common/pico_crt0/crt0.S.o
                0x1000014c                _entry_point
 *(.init)
 .init          0x100001e4        0x4 /home/iamericmin/.pico-sdk/toolchain/14_2_Rel1/bin/../lib/gcc/arm-none-eabi/14.2.1/thumb/v8-m.main+fp/softfp/crti.o
                0x100001e4                _init
 *libgcc.a:cmse_nonsecure_call.o()
 *(EXCLUDE_FILE(*libm.a: *libc.a:*lib_a-mem*.o *libgcc.a:) .text*)
 .text.register_tm_clones
                0x100001e8       0x28 /home/iamericmin/.pico-sdk/toolchain/14_2_Rel1/bin/../lib/gcc/arm-none-eabi/14.2.1/thumb/v8-m.main+fp/softfp/crtbegin.o
 .text.frame_dummy
                0x10000210       0x24 /home/iamericmin/.pico-sdk/toolchain/14_2_Rel1/bin/../lib/gcc/arm-none-eabi/14.2.1/thumb/v8-m.main+fp/softfp/crtbegin.o
 .text.blink_program_init
                0x10000234       0x90 CMakeFiles/stereoBoy_RP2350_FW.dir/main.c.o
                0x10000234                blink_program_init
 .text.blink_pin_forever
                0x100002c4       0x3c CMakeFiles/stereoBoy_RP2350_FW.dir/main.c.o
                0x100002c4                blink_pin_forever
 .text.startup.main
                0x10000300      0x11c CMakeFiles/stereoBoy_RP2350_FW.dir/main.c.o
                0x10000300                main
 .text.gpio_set_function
                0x1000041c       0x3c CMakeFiles/stereoBoy_RP2350_FW.dir/home/iamericmin/.pico-sdk/sdk/2.2.0/src/rp2_common/hardware_gpio/gpio.c.o
                0x1000041c                gpio_set_function
 .text.gpio_set_pulls
                0x10000458       0x28 CMakeFiles/stereoBoy_RP2350_FW.dir/home/iamericmin/.pico-sdk/sdk/2.2.0/src/rp2_common/hardware_gpio/gpio.c.o
                0x10000458                gpio_set_pulls
 .text.panic    0x10000480       0x30 CMakeFiles/stereoBoy_RP2350_FW.dir/home/iamericmin/.pico-sdk/sdk/2.2.0/src/rp2_common/pico_platform_panic/panic.c.o
                0x10000480                panic
 .text.hw_claim_lock
                0x100004b0       0x24 CMakeFiles/stereoBoy_RP2350_FW.dir/home/iamericmin/.pico-sdk/sdk/2.2.0/src/common/hardware_claim/claim.c.o
                0x100004b0                hw_claim_lock
 .text.hw_claim_unlock
                0x100004d4       0x14 CMakeFiles/stereoBoy_RP2350_FW.dir/home/iamericmin/.pico-sdk/sdk/2.2.0/src/common/hardware_claim/claim.c.o
                0x100004d4                hw_claim_unlock
 .text.hw_claim_or_assert
                0x100004e8       0x58 CMakeFiles/stereoBoy_RP2350_FW.dir/home/iamericmin/.pico-sdk/sdk/2.2.0/src/common/hardware_claim/claim.c.o
                0x100004e8                hw_claim_or_assert
 .text.hw_claim_unused_from_range
                0x10000540       0x80 CMakeFiles/stereoBoy_RP2350_FW.dir/home/iamericmin/.pico-sdk/sdk/2.2.0/src/common/hardware_claim/claim.c.o
                0x10000540                hw_claim_unused_from_range
 .text.next_striped_spin_lock_num
                0x100005c0       0x18 CMakeFiles/stereoBoy_RP2350_FW.dir/home/iamericmin/.pico-sdk/sdk/2.2.0/src/rp2_common/hardware_sync/sync.c.o
                0x100005c0                next_striped_spin_lock_num
 .text.spin_lock_claim_unused
                0x100005d8       0x20 CMakeFiles/stereoBoy_RP2350_FW.dir/home/iamericmin/.pico-sdk/sdk/2.2.0/src/rp2_common/hardware_sync/sync.c.o
                0x100005d8                spin_lock_claim_unused
 .text.spinlock_set_extexclall
                0x100005f8       0x10 CMakeFiles/stereoBoy_RP2350_FW.dir/home/iamericmin/.pico-sdk/sdk/2.2.0/src/rp2_common/hardware_sync_spin_lock/sync_spin_lock.c.o
 .text.spin_locks_reset
                0x10000608       0x18 CMakeFiles/stereoBoy_RP2350_FW.dir/home/iamericmin/.pico-sdk/sdk/2.2.0/src/rp2_common/hardware_sync_spin_lock/sync_spin_lock.c.o
                0x10000608                spin_locks_reset
 .text.runtime_init_per_core_irq_priorities
                0x10000620       0x40 CMakeFiles/stereoBoy_RP2350_FW.dir/home/iamericmin/.pico-sdk/sdk/2.2.0/src/rp2_common/hardware_irq/irq.c.o
                0x10000620                runtime_init_per_core_irq_priorities
 .text.irq_set_enabled
                0x10000660       0x2c CMakeFiles/stereoBoy_RP2350_FW.dir/home/iamericmin/.pico-sdk/sdk/2.2.0/src/rp2_common/hardware_irq/irq.c.o
                0x10000660                irq_set_enabled
 .text.irq_is_enabled
                0x1000068c       0x20 CMakeFiles/stereoBoy_RP2350_FW.dir/home/iamericmin/.pico-sdk/sdk/2.2.0/src/rp2_common/hardware_irq/irq.c.o
                0x1000068c                irq_is_enabled
 .text.irq_set_pending
                0x100006ac       0x18 CMakeFiles/stereoBoy_RP2350_FW.dir/home/iamericmin/.pico-sdk/sdk/2.2.0/src/rp2_common/hardware_irq/irq.c.o
                0x100006ac                irq_set_pending
 .text.irq_has_shared_handler
                0x100006c4       0x20 CMakeFiles/stereoBoy_RP2350_FW.dir/home/iamericmin/.pico-sdk/sdk/2.2.0/src/rp2_common/hardware_irq/irq.c.o
                0x100006c4                irq_has_shared_handler
 .text.irq_set_exclusive_handler
                0x100006e4       0x60 CMakeFiles/stereoBoy_RP2350_FW.dir/home/iamericmin/.pico-sdk/sdk/2.2.0/src/rp2_common/hardware_irq/irq.c.o
                0x100006e4                irq_set_exclusive_handler
 .text.irq_add_shared_handler
                0x10000744      0x1e8 CMakeFiles/stereoBoy_RP2350_FW.dir/home/iamericmin/.pico-sdk/sdk/2.2.0/src/rp2_common/hardware_irq/irq.c.o
                0x10000744                irq_add_shared_handler
 .text.irq_add_tail_to_free_list
                0x1000092c       0xbc CMakeFiles/stereoBoy_RP2350_FW.dir/home/iamericmin/.pico-sdk/sdk/2.2.0/src/rp2_common/hardware_irq/irq.c.o
                0x1000092c                irq_add_tail_to_free_list
 .text.user_irq_claim_unused
                0x100009e8       0x28 CMakeFiles/stereoBoy_RP2350_FW.dir/home/iamericmin/.pico-sdk/sdk/2.2.0/src/rp2_common/hardware_irq/irq.c.o
                0x100009e8                user_irq_claim_unused
 .text.lock_init
                0x10000a10        0xc CMakeFiles/stereoBoy_RP2350_FW.dir/home/iamericmin/.pico-sdk/sdk/2.2.0/src/common/pico_sync/lock_core.c.o
                0x10000a10                lock_init
 .text.runtime_init_mutex
                0x10000a1c       0x4c CMakeFiles/stereoBoy_RP2350_FW.dir/home/iamericmin/.pico-sdk/sdk/2.2.0/src/common/pico_sync/mutex.c.o
                0x10000a1c                runtime_init_mutex
 .text.mutex_init
                0x10000a68       0x1c CMakeFiles/stereoBoy_RP2350_FW.dir/home/iamericmin/.pico-sdk/sdk/2.2.0/src/common/pico_sync/mutex.c.o
                0x10000a68                mutex_init
 .text.critical_section_init
                0x10000a84       0x1c CMakeFiles/stereoBoy_RP2350_FW.dir/home/iamericmin/.pico-sdk/sdk/2.2.0/src/common/pico_sync/critical_section.c.o
                0x10000a84                critical_section_init
 .text.critical_section_init_with_lock_num
                0x10000aa0       0x10 CMakeFiles/stereoBoy_RP2350_FW.dir/home/iamericmin/.pico-sdk/sdk/2.2.0/src/common/pico_sync/critical_section.c.o
                0x10000aa0                critical_section_init_with_lock_num
 .text.sleep_until_callback
                0x10000ab0       0x3c CMakeFiles/stereoBoy_RP2350_FW.dir/home/iamericmin/.pico-sdk/sdk/2.2.0/src/common/pico_time/time.c.o
 *fill*         0x10000aec        0x4 
 .text.alarm_pool_irq_handler
                0x10000af0      0x2f0 CMakeFiles/stereoBoy_RP2350_FW.dir/home/iamericmin/.pico-sdk/sdk/2.2.0/src/common/pico_time/time.c.o
 .text.runtime_init_default_alarm_pool
                0x10000de0      0x100 CMakeFiles/stereoBoy_RP2350_FW.dir/home/iamericmin/.pico-sdk/sdk/2.2.0/src/common/pico_time/time.c.o
                0x10000de0                runtime_init_default_alarm_pool
 .text.alarm_pool_get_default
                0x10000ee0        0x8 CMakeFiles/stereoBoy_RP2350_FW.dir/home/iamericmin/.pico-sdk/sdk/2.2.0/src/common/pico_time/time.c.o
                0x10000ee0                alarm_pool_get_default
 .text.alarm_pool_add_alarm_at
                0x10000ee8       0xdc CMakeFiles/stereoBoy_RP2350_FW.dir/home/iamericmin/.pico-sdk/sdk/2.2.0/src/common/pico_time/time.c.o
                0x10000ee8                alarm_pool_add_alarm_at
 .text.alarm_pool_add_alarm_at_force_in_context
                0x10000fc4       0xc8 CMakeFiles/stereoBoy_RP2350_FW.dir/home/iamericmin/.pico-sdk/sdk/2.2.0/src/common/pico_time/time.c.o
                0x10000fc4                alarm_pool_add_alarm_at_force_in_context
 .text.alarm_pool_cancel_alarm
                0x1000108c       0x80 CMakeFiles/stereoBoy_RP2350_FW.dir/home/iamericmin/.pico-sdk/sdk/2.2.0/src/common/pico_time/time.c.o
                0x1000108c                alarm_pool_cancel_alarm
 .text.alarm_pool_core_num
                0x1000110c        0x4 CMakeFiles/stereoBoy_RP2350_FW.dir/home/iamericmin/.pico-sdk/sdk/2.2.0/src/common/pico_time/time.c.o
                0x1000110c                alarm_pool_core_num
 .text.sleep_ms
                0x10001110       0xdc CMakeFiles/stereoBoy_RP2350_FW.dir/home/iamericmin/.pico-sdk/sdk/2.2.0/src/common/pico_time/time.c.o
                0x10001110                sleep_ms
 .text.best_effort_wfe_or_timeout
                0x100011ec       0xd4 CMakeFiles/stereoBoy_RP2350_FW.dir/home/iamericmin/.pico-sdk/sdk/2.2.0/src/common/pico_time/time.c.o
                0x100011ec                best_effort_wfe_or_timeout
 .text.timer_hardware_alarm_claim
                0x100012c0       0x24 CMakeFiles/stereoBoy_RP2350_FW.dir/home/iamericmin/.pico-sdk/sdk/2.2.0/src/rp2_common/hardware_timer/timer.c.o
                0x100012c0                timer_hardware_alarm_claim
 .text.timer_time_us_64
                0x100012e4       0x10 CMakeFiles/stereoBoy_RP2350_FW.dir/home/iamericmin/.pico-sdk/sdk/2.2.0/src/rp2_common/hardware_timer/timer.c.o
                0x100012e4                timer_time_us_64
 .text.time_us_64
                0x100012f4       0x14 CMakeFiles/stereoBoy_RP2350_FW.dir/home/iamericmin/.pico-sdk/sdk/2.2.0/src/rp2_common/hardware_timer/timer.c.o
                0x100012f4                time_us_64
 .text.busy_wait_until
                0x10001308       0x24 CMakeFiles/stereoBoy_RP2350_FW.dir/home/iamericmin/.pico-sdk/sdk/2.2.0/src/rp2_common/hardware_timer/timer.c.o
                0x10001308                busy_wait_until
 .text.clock_configure_undivided
                0x1000132c       0xd0 CMakeFiles/stereoBoy_RP2350_FW.dir/home/iamericmin/.pico-sdk/sdk/2.2.0/src/rp2_common/hardware_clocks/clocks.c.o
                0x1000132c                clock_configure_undivided
 .text.clock_get_hz
                0x100013fc        0xc CMakeFiles/stereoBoy_RP2350_FW.dir/home/iamericmin/.pico-sdk/sdk/2.2.0/src/rp2_common/hardware_clocks/clocks.c.o
                0x100013fc                clock_get_hz
 .text.pll_init
                0x10001408       0x8c CMakeFiles/stereoBoy_RP2350_FW.dir/home/iamericmin/.pico-sdk/sdk/2.2.0/src/rp2_common/hardware_pll/pll.c.o
                0x10001408                pll_init
 .text.watchdog_update
                0x10001494       0x14 CMakeFiles/stereoBoy_RP2350_FW.dir/home/iamericmin/.pico-sdk/sdk/2.2.0/src/rp2_common/hardware_watchdog/watchdog.c.o
                0x10001494                watchdog_update
 .text.watchdog_enable
                0x100014a8       0x7c CMakeFiles/stereoBoy_RP2350_FW.dir/home/iamericmin/.pico-sdk/sdk/2.2.0/src/rp2_common/hardware_watchdog/watchdog.c.o
                0x100014a8                watchdog_enable
 .text.watchdog_reboot
                0x10001524       0x98 CMakeFiles/stereoBoy_RP2350_FW.dir/home/iamericmin/.pico-sdk/sdk/2.2.0/src/rp2_common/hardware_watchdog/watchdog.c.o
                0x10001524                watchdog_reboot
 .text.watchdog_caused_reboot
                0x100015bc       0x54 CMakeFiles/stereoBoy_RP2350_FW.dir/home/iamericmin/.pico-sdk/sdk/2.2.0/src/rp2_common/hardware_watchdog/watchdog.c.o
                0x100015bc                watchdog_caused_reboot
 .text.tick_start
                0x10001610       0x18 CMakeFiles/stereoBoy_RP2350_FW.dir/home/iamericmin/.pico-sdk/sdk/2.2.0/src/rp2_common/hardware_ticks/ticks.c.o
                0x10001610                tick_start
 .text.rom_reboot.constprop.0.isra.0
                0x10001628       0x34 CMakeFiles/stereoBoy_RP2350_FW.dir/home/iamericmin/.pico-sdk/sdk/2.2.0/src/rp2_common/pico_bootrom/bootrom.c.o
 .text.rom_func_lookup
                0x1000165c       0x18 CMakeFiles/stereoBoy_RP2350_FW.dir/home/iamericmin/.pico-sdk/sdk/2.2.0/src/rp2_common/pico_bootrom/bootrom.c.o
                0x1000165c                rom_func_lookup
 .text.rom_reset_usb_boot_extra
                0x10001674       0x1c CMakeFiles/stereoBoy_RP2350_FW.dir/home/iamericmin/.pico-sdk/sdk/2.2.0/src/rp2_common/pico_bootrom/bootrom.c.o
                0x10001674                rom_reset_usb_boot_extra
 .text.runtime_init_bootrom_locking_enable
                0x10001690       0x14 CMakeFiles/stereoBoy_RP2350_FW.dir/home/iamericmin/.pico-sdk/sdk/2.2.0/src/rp2_common/pico_bootrom/bootrom_lock.c.o
                0x10001690                runtime_init_bootrom_locking_enable
 .text.runtime_init_boot_locks_reset
                0x100016a4       0x1c CMakeFiles/stereoBoy_RP2350_FW.dir/home/iamericmin/.pico-sdk/sdk/2.2.0/src/rp2_common/hardware_boot_lock/boot_lock.c.o
                0x100016a4                runtime_init_boot_locks_reset
 .text.xosc_init
                0x100016c0       0x30 CMakeFiles/stereoBoy_RP2350_FW.dir/home/iamericmin/.pico-sdk/sdk/2.2.0/src/rp2_common/hardware_xosc/xosc.c.o
                0x100016c0                xosc_init
 .text.first_per_core_initializer
                0x100016f0        0x4 CMakeFiles/stereoBoy_RP2350_FW.dir/home/iamericmin/.pico-sdk/sdk/2.2.0/src/rp2_common/pico_runtime/runtime.c.o
 .text.hard_assertion_failure
                0x100016f4        0xc CMakeFiles/stereoBoy_RP2350_FW.dir/home/iamericmin/.pico-sdk/sdk/2.2.0/src/rp2_common/pico_runtime/runtime.c.o
                0x100016f4                hard_assertion_failure
 .text.runtime_run_initializers
                0x10001700       0x20 CMakeFiles/stereoBoy_RP2350_FW.dir/home/iamericmin/.pico-sdk/sdk/2.2.0/src/rp2_common/pico_runtime/runtime.c.o
                0x10001700                runtime_run_initializers
 .text.runtime_init_early_resets
                0x10001720       0x34 CMakeFiles/stereoBoy_RP2350_FW.dir/home/iamericmin/.pico-sdk/sdk/2.2.0/src/rp2_common/pico_runtime_init/runtime_init.c.o
                0x10001720                runtime_init_early_resets
 .text.runtime_init_usb_power_down
                0x10001754       0x1c CMakeFiles/stereoBoy_RP2350_FW.dir/home/iamericmin/.pico-sdk/sdk/2.2.0/src/rp2_common/pico_runtime_init/runtime_init.c.o
                0x10001754                runtime_init_usb_power_down
 .text.runtime_init_per_core_enable_coprocessors
                0x10001770       0x1c CMakeFiles/stereoBoy_RP2350_FW.dir/home/iamericmin/.pico-sdk/sdk/2.2.0/src/rp2_common/pico_runtime_init/runtime_init.c.o
                0x10001770                runtime_init_per_core_enable_coprocessors
 .text.runtime_init_post_clock_resets
                0x1000178c       0x20 CMakeFiles/stereoBoy_RP2350_FW.dir/home/iamericmin/.pico-sdk/sdk/2.2.0/src/rp2_common/pico_runtime_init/runtime_init.c.o
                0x1000178c                runtime_init_post_clock_resets
 .text.runtime_init_bootrom_reset
                0x100017ac       0x14 CMakeFiles/stereoBoy_RP2350_FW.dir/home/iamericmin/.pico-sdk/sdk/2.2.0/src/rp2_common/pico_runtime_init/runtime_init.c.o
                0x100017ac                runtime_init_bootrom_reset
 .text.runtime_init_per_core_bootrom_reset
                0x100017c0       0x14 CMakeFiles/stereoBoy_RP2350_FW.dir/home/iamericmin/.pico-sdk/sdk/2.2.0/src/rp2_common/pico_runtime_init/runtime_init.c.o
                0x100017c0                runtime_init_per_core_bootrom_reset
 .text.runtime_init_spin_locks_reset
                0x100017d4        0x4 CMakeFiles/stereoBoy_RP2350_FW.dir/home/iamericmin/.pico-sdk/sdk/2.2.0/src/rp2_common/pico_runtime_init/runtime_init.c.o
                0x100017d4                runtime_init_spin_locks_reset
 .text.runtime_init_install_ram_vector_table
                0x100017d8       0x68 CMakeFiles/stereoBoy_RP2350_FW.dir/home/iamericmin/.pico-sdk/sdk/2.2.0/src/rp2_common/pico_runtime_init/runtime_init.c.o
                0x100017d8                runtime_init_install_ram_vector_table
 .text.runtime_init_clocks
                0x10001840       0xdc CMakeFiles/stereoBoy_RP2350_FW.dir/home/iamericmin/.pico-sdk/sdk/2.2.0/src/rp2_common/pico_runtime_init/runtime_init_clocks.c.o
                0x10001840                runtime_init_clocks
 .text.__rp2350_dcp_engaged_state_save_restore
                0x1000191c       0x3a CMakeFiles/stereoBoy_RP2350_FW.dir/home/iamericmin/.pico-sdk/sdk/2.2.0/src/rp2_common/pico_double/double_aeabi_dcp.S.o
 *fill*         0x10001956        0x2 
 .text.__wrap___aeabi_dadd
                0x10001958       0x28 CMakeFiles/stereoBoy_RP2350_FW.dir/home/iamericmin/.pico-sdk/sdk/2.2.0/src/rp2_common/pico_double/double_aeabi_dcp.S.o
                0x10001960                __wrap___aeabi_dadd
 .text.__wrap___aeabi_dsub
                0x10001980       0x28 CMakeFiles/stereoBoy_RP2350_FW.dir/home/iamericmin/.pico-sdk/sdk/2.2.0/src/rp2_common/pico_double/double_aeabi_dcp.S.o
                0x10001988                __wrap___aeabi_dsub
 .text.__wrap___aeabi_dmul
                0x100019a8       0x4c CMakeFiles/stereoBoy_RP2350_FW.dir/home/iamericmin/.pico-sdk/sdk/2.2.0/src/rp2_common/pico_double/double_aeabi_dcp.S.o
                0x100019b0                __wrap___aeabi_dmul
 .text.__wrap___aeabi_ddiv
                0x100019f4       0x9c CMakeFiles/stereoBoy_RP2350_FW.dir/home/iamericmin/.pico-sdk/sdk/2.2.0/src/rp2_common/pico_double/double_aeabi_dcp.S.o
                0x100019fc                __wrap___aeabi_ddiv
 .text.__wrap___aeabi_i2d
                0x10001a90       0x24 CMakeFiles/stereoBoy_RP2350_FW.dir/home/iamericmin/.pico-sdk/sdk/2.2.0/src/rp2_common/pico_double/double_aeabi_dcp.S.o
                0x10001a98                __wrap___aeabi_i2d
                0x10001a98                int2double
 .text.__wrap___aeabi_ui2d
                0x10001ab4       0x24 CMakeFiles/stereoBoy_RP2350_FW.dir/home/iamericmin/.pico-sdk/sdk/2.2.0/src/rp2_common/pico_double/double_aeabi_dcp.S.o
                0x10001abc                __wrap___aeabi_ui2d
                0x10001abc                uint2double
 .text.__wrap___aeabi_d2iz
                0x10001ad8       0x24 CMakeFiles/stereoBoy_RP2350_FW.dir/home/iamericmin/.pico-sdk/sdk/2.2.0/src/rp2_common/pico_double/double_aeabi_dcp.S.o
                0x10001ae0                __wrap___aeabi_d2iz
                0x10001ae0                double2int_z
 .text.__wrap___aeabi_d2uiz
                0x10001afc       0x24 CMakeFiles/stereoBoy_RP2350_FW.dir/home/iamericmin/.pico-sdk/sdk/2.2.0/src/rp2_common/pico_double/double_aeabi_dcp.S.o
                0x10001b04                double2uint_z
                0x10001b04                double2uint
                0x10001b04                __wrap___aeabi_d2uiz
 .text.__wrap___aeabi_dcmpun
                0x10001b20       0x24 CMakeFiles/stereoBoy_RP2350_FW.dir/home/iamericmin/.pico-sdk/sdk/2.2.0/src/rp2_common/pico_double/double_aeabi_dcp.S.o
                0x10001b28                __wrap___aeabi_dcmpun
 .text.__wrap___aeabi_dcmplt
                0x10001b44       0x28 CMakeFiles/stereoBoy_RP2350_FW.dir/home/iamericmin/.pico-sdk/sdk/2.2.0/src/rp2_common/pico_double/double_aeabi_dcp.S.o
                0x10001b4c                __wrap___aeabi_dcmplt
 .text.__wrap___aeabi_dcmple
                0x10001b6c       0x28 CMakeFiles/stereoBoy_RP2350_FW.dir/home/iamericmin/.pico-sdk/sdk/2.2.0/src/rp2_common/pico_double/double_aeabi_dcp.S.o
                0x10001b74                __wrap___aeabi_dcmple
 .text.__wrap___aeabi_dcmpge
                0x10001b94       0x28 CMakeFiles/stereoBoy_RP2350_FW.dir/home/iamericmin/.pico-sdk/sdk/2.2.0/src/rp2_common/pico_double/double_aeabi_dcp.S.o
                0x10001b9c                __wrap___aeabi_dcmpge
 .text.__wrap___aeabi_dcmpgt
                0x10001bbc       0x28 CMakeFiles/stereoBoy_RP2350_FW.dir/home/iamericmin/.pico-sdk/sdk/2.2.0/src/rp2_common/pico_double/double_aeabi_dcp.S.o
                0x10001bc4                __wrap___aeabi_dcmpgt
 .text._out_null
                0x10001be4        0x4 CMakeFiles/stereoBoy_RP2350_FW.dir/home/iamericmin/.pico-sdk/sdk/2.2.0/src/rp2_common/pico_printf/printf.c.o
 .text._out_rev
                0x10001be8       0x9c CMakeFiles/stereoBoy_RP2350_FW.dir/home/iamericmin/.pico-sdk/sdk/2.2.0/src/rp2_common/pico_printf/printf.c.o
 .text._ntoa_format
                0x10001c84      0x1d4 CMakeFiles/stereoBoy_RP2350_FW.dir/home/iamericmin/.pico-sdk/sdk/2.2.0/src/rp2_common/pico_printf/printf.c.o
 .text._out_char
                0x10001e58        0x8 CMakeFiles/stereoBoy_RP2350_FW.dir/home/iamericmin/.pico-sdk/sdk/2.2.0/src/rp2_common/pico_printf/printf.c.o
 .text._out_fct
                0x10001e60        0xc CMakeFiles/stereoBoy_RP2350_FW.dir/home/iamericmin/.pico-sdk/sdk/2.2.0/src/rp2_common/pico_printf/printf.c.o
 *fill*         0x10001e6c        0x4 
 .text._ftoa    0x10001e70      0x4bc CMakeFiles/stereoBoy_RP2350_FW.dir/home/iamericmin/.pico-sdk/sdk/2.2.0/src/rp2_common/pico_printf/printf.c.o
 *fill*         0x1000232c        0x4 
 .text._etoa    0x10002330      0x574 CMakeFiles/stereoBoy_RP2350_FW.dir/home/iamericmin/.pico-sdk/sdk/2.2.0/src/rp2_common/pico_printf/printf.c.o
 .text._vsnprintf
                0x100028a4      0x9e4 CMakeFiles/stereoBoy_RP2350_FW.dir/home/iamericmin/.pico-sdk/sdk/2.2.0/src/rp2_common/pico_printf/printf.c.o
 .text.vfctprintf
                0x10003288       0x28 CMakeFiles/stereoBoy_RP2350_FW.dir/home/iamericmin/.pico-sdk/sdk/2.2.0/src/rp2_common/pico_printf/printf.c.o
                0x10003288                vfctprintf
 .text.weak_raw_vprintf
                0x100032b0       0x30 CMakeFiles/stereoBoy_RP2350_FW.dir/home/iamericmin/.pico-sdk/sdk/2.2.0/src/rp2_common/pico_printf/printf.c.o
                0x100032b0                weak_raw_vprintf
 .text._exit    0x100032e0        0x4 CMakeFiles/stereoBoy_RP2350_FW.dir/home/iamericmin/.pico-sdk/sdk/2.2.0/src/rp2_common/pico_clib_interface/newlib_interface.c.o
                0x100032e0                _exit
 .text.exit     0x100032e4        0x8 CMakeFiles/stereoBoy_RP2350_FW.dir/home/iamericmin/.pico-sdk/sdk/2.2.0/src/rp2_common/pico_clib_interface/newlib_interface.c.o
                0x100032e4                exit
 .text.runtime_init
                0x100032ec       0x24 CMakeFiles/stereoBoy_RP2350_FW.dir/home/iamericmin/.pico-sdk/sdk/2.2.0/src/rp2_common/pico_clib_interface/newlib_interface.c.o
                0x100032ec                runtime_init
 .text.stdio_out_chars_no_crlf
                0x10003310        0x8 CMakeFiles/stereoBoy_RP2350_FW.dir/home/iamericmin/.pico-sdk/sdk/2.2.0/src/rp2_common/pico_stdio/stdio.c.o
 .text.stdio_out_chars_crlf
                0x10003318       0xb0 CMakeFiles/stereoBoy_RP2350_FW.dir/home/iamericmin/.pico-sdk/sdk/2.2.0/src/rp2_common/pico_stdio/stdio.c.o
 .text.stdio_buffered_printer
                0x100033c8       0x60 CMakeFiles/stereoBoy_RP2350_FW.dir/home/iamericmin/.pico-sdk/sdk/2.2.0/src/rp2_common/pico_stdio/stdio.c.o
 .text.stdio_put_string
                0x10003428       0xec CMakeFiles/stereoBoy_RP2350_FW.dir/home/iamericmin/.pico-sdk/sdk/2.2.0/src/rp2_common/pico_stdio/stdio.c.o
                0x10003428                stdio_put_string
 .text.stdio_set_driver_enabled
                0x10003514       0x28 CMakeFiles/stereoBoy_RP2350_FW.dir/home/iamericmin/.pico-sdk/sdk/2.2.0/src/rp2_common/pico_stdio/stdio.c.o
                0x10003514                stdio_set_driver_enabled
 .text.stdio_init_all
                0x1000353c        0x4 CMakeFiles/stereoBoy_RP2350_FW.dir/home/iamericmin/.pico-sdk/sdk/2.2.0/src/rp2_common/pico_stdio/stdio.c.o
                0x1000353c                stdio_init_all
 .text.__wrap_putchar
                0x10003540       0x84 CMakeFiles/stereoBoy_RP2350_FW.dir/home/iamericmin/.pico-sdk/sdk/2.2.0/src/rp2_common/pico_stdio/stdio.c.o
                0x10003540                stdio_putchar
                0x10003540                __wrap_putchar
 .text.__wrap_puts
                0x100035c4       0x3c CMakeFiles/stereoBoy_RP2350_FW.dir/home/iamericmin/.pico-sdk/sdk/2.2.0/src/rp2_common/pico_stdio/stdio.c.o
                0x100035c4                __wrap_puts
                0x100035c4                stdio_puts
 .text.__wrap_vprintf
                0x10003600       0xc4 CMakeFiles/stereoBoy_RP2350_FW.dir/home/iamericmin/.pico-sdk/sdk/2.2.0/src/rp2_common/pico_stdio/stdio.c.o
                0x10003600                __wrap_vprintf
                0x10003600                stdio_vprintf
 .text.__wrap_printf
                0x100036c4       0x1c CMakeFiles/stereoBoy_RP2350_FW.dir/home/iamericmin/.pico-sdk/sdk/2.2.0/src/rp2_common/pico_stdio/stdio.c.o
                0x100036c4                stdio_printf
                0x100036c4                __wrap_printf
 .text.resetd_init
                0x100036e0        0x4 CMakeFiles/stereoBoy_RP2350_FW.dir/home/iamericmin/.pico-sdk/sdk/2.2.0/src/rp2_common/pico_stdio_usb/reset_interface.c.o
 .text.resetd_reset
                0x100036e4        0xc CMakeFiles/stereoBoy_RP2350_FW.dir/home/iamericmin/.pico-sdk/sdk/2.2.0/src/rp2_common/pico_stdio_usb/reset_interface.c.o
 .text.resetd_open
                0x100036f0       0x28 CMakeFiles/stereoBoy_RP2350_FW.dir/home/iamericmin/.pico-sdk/sdk/2.2.0/src/rp2_common/pico_stdio_usb/reset_interface.c.o
 .text.resetd_xfer_cb
                0x10003718        0x4 CMakeFiles/stereoBoy_RP2350_FW.dir/home/iamericmin/.pico-sdk/sdk/2.2.0/src/rp2_common/pico_stdio_usb/reset_interface.c.o
 .text.resetd_control_xfer_cb
                0x1000371c       0x50 CMakeFiles/stereoBoy_RP2350_FW.dir/home/iamericmin/.pico-sdk/sdk/2.2.0/src/rp2_common/pico_stdio_usb/reset_interface.c.o
 .text.tud_descriptor_bos_cb
                0x1000376c        0x8 CMakeFiles/stereoBoy_RP2350_FW.dir/home/iamericmin/.pico-sdk/sdk/2.2.0/src/rp2_common/pico_stdio_usb/reset_interface.c.o
                0x1000376c                tud_descriptor_bos_cb
 .text.tud_vendor_control_xfer_cb
                0x10003774       0x28 CMakeFiles/stereoBoy_RP2350_FW.dir/home/iamericmin/.pico-sdk/sdk/2.2.0/src/rp2_common/pico_stdio_usb/reset_interface.c.o
                0x10003774                tud_vendor_control_xfer_cb
 .text.usbd_app_driver_get_cb
                0x1000379c       0x10 CMakeFiles/stereoBoy_RP2350_FW.dir/home/iamericmin/.pico-sdk/sdk/2.2.0/src/rp2_common/pico_stdio_usb/reset_interface.c.o
                0x1000379c                usbd_app_driver_get_cb
 .text.tud_cdc_line_coding_cb
                0x100037ac       0x18 CMakeFiles/stereoBoy_RP2350_FW.dir/home/iamericmin/.pico-sdk/sdk/2.2.0/src/rp2_common/pico_stdio_usb/reset_interface.c.o
                0x100037ac                tud_cdc_line_coding_cb
 .text.stdio_usb_set_chars_available_callback
                0x100037c4       0x14 CMakeFiles/stereoBoy_RP2350_FW.dir/home/iamericmin/.pico-sdk/sdk/2.2.0/src/rp2_common/pico_stdio_usb/stdio_usb.c.o
                0x100037c4                stdio_usb_set_chars_available_callback
 .text.timer_task
                0x100037d8       0x70 CMakeFiles/stereoBoy_RP2350_FW.dir/home/iamericmin/.pico-sdk/sdk/2.2.0/src/rp2_common/pico_stdio_usb/stdio_usb.c.o
 .text.usb_irq  0x10003848        0xc CMakeFiles/stereoBoy_RP2350_FW.dir/home/iamericmin/.pico-sdk/sdk/2.2.0/src/rp2_common/pico_stdio_usb/stdio_usb.c.o
 .text.stdio_usb_in_chars
                0x10003854       0x88 CMakeFiles/stereoBoy_RP2350_FW.dir/home/iamericmin/.pico-sdk/sdk/2.2.0/src/rp2_common/pico_stdio_usb/stdio_usb.c.o
                0x10003854                stdio_usb_in_chars
 .text.stdio_usb_out_flush
                0x100038dc       0x54 CMakeFiles/stereoBoy_RP2350_FW.dir/home/iamericmin/.pico-sdk/sdk/2.2.0/src/rp2_common/pico_stdio_usb/stdio_usb.c.o
 .text.stdio_usb_out_chars
                0x10003930       0xf4 CMakeFiles/stereoBoy_RP2350_FW.dir/home/iamericmin/.pico-sdk/sdk/2.2.0/src/rp2_common/pico_stdio_usb/stdio_usb.c.o
 .text.low_priority_worker_irq
                0x10003a24       0xd8 CMakeFiles/stereoBoy_RP2350_FW.dir/home/iamericmin/.pico-sdk/sdk/2.2.0/src/rp2_common/pico_stdio_usb/stdio_usb.c.o
 .text.stdio_usb_init
                0x10003afc       0xe8 CMakeFiles/stereoBoy_RP2350_FW.dir/home/iamericmin/.pico-sdk/sdk/2.2.0/src/rp2_common/pico_stdio_usb/stdio_usb.c.o
                0x10003afc                stdio_usb_init
 .text.tud_descriptor_device_cb
                0x10003be4        0x8 CMakeFiles/stereoBoy_RP2350_FW.dir/home/iamericmin/.pico-sdk/sdk/2.2.0/src/rp2_common/pico_stdio_usb/stdio_usb_descriptors.c.o
                0x10003be4                tud_descriptor_device_cb
 .text.tud_descriptor_configuration_cb
                0x10003bec        0x8 CMakeFiles/stereoBoy_RP2350_FW.dir/home/iamericmin/.pico-sdk/sdk/2.2.0/src/rp2_common/pico_stdio_usb/stdio_usb_descriptors.c.o
                0x10003bec                tud_descriptor_configuration_cb
 .text.tud_descriptor_string_cb
                0x10003bf4       0x70 CMakeFiles/stereoBoy_RP2350_FW.dir/home/iamericmin/.pico-sdk/sdk/2.2.0/src/rp2_common/pico_stdio_usb/stdio_usb_descriptors.c.o
                0x10003bf4                tud_descriptor_string_cb
 .text.startup._retrieve_unique_id_on_boot
                0x10003c64       0x30 CMakeFiles/stereoBoy_RP2350_FW.dir/home/iamericmin/.pico-sdk/sdk/2.2.0/src/rp2_common/pico_unique_id/unique_id.c.o
 .text.pico_get_unique_board_id_string
                0x10003c94      0x184 CMakeFiles/stereoBoy_RP2350_FW.dir/home/iamericmin/.pico-sdk/sdk/2.2.0/src/rp2_common/pico_unique_id/unique_id.c.o
                0x10003c94                pico_get_unique_board_id_string
 .text.dcd_init
                0x10003e18       0x8c CMakeFiles/stereoBoy_RP2350_FW.dir/home/iamericmin/.pico-sdk/sdk/2.2.0/lib/tinyusb/src/portable/raspberrypi/rp2040/dcd_rp2040.c.o
                0x10003e18                dcd_init
 .text.dcd_int_enable
                0x10003ea4        0x8 CMakeFiles/stereoBoy_RP2350_FW.dir/home/iamericmin/.pico-sdk/sdk/2.2.0/lib/tinyusb/src/portable/raspberrypi/rp2040/dcd_rp2040.c.o
                0x10003ea4                dcd_int_enable
 .text.dcd_set_address
                0x10003eac       0x10 CMakeFiles/stereoBoy_RP2350_FW.dir/home/iamericmin/.pico-sdk/sdk/2.2.0/lib/tinyusb/src/portable/raspberrypi/rp2040/dcd_rp2040.c.o
                0x10003eac                dcd_set_address
 .text.dcd_sof_enable
                0x10003ebc       0x1c CMakeFiles/stereoBoy_RP2350_FW.dir/home/iamericmin/.pico-sdk/sdk/2.2.0/lib/tinyusb/src/portable/raspberrypi/rp2040/dcd_rp2040.c.o
                0x10003ebc                dcd_sof_enable
 .text.dcd_edpt0_status_complete
                0x10003ed8       0x1c CMakeFiles/stereoBoy_RP2350_FW.dir/home/iamericmin/.pico-sdk/sdk/2.2.0/lib/tinyusb/src/portable/raspberrypi/rp2040/dcd_rp2040.c.o
                0x10003ed8                dcd_edpt0_status_complete
 .text.dcd_edpt_open
                0x10003ef4      0x104 CMakeFiles/stereoBoy_RP2350_FW.dir/home/iamericmin/.pico-sdk/sdk/2.2.0/lib/tinyusb/src/portable/raspberrypi/rp2040/dcd_rp2040.c.o
                0x10003ef4                dcd_edpt_open
 .text.dcd_edpt_close_all
                0x10003ff8        0x4 CMakeFiles/stereoBoy_RP2350_FW.dir/home/iamericmin/.pico-sdk/sdk/2.2.0/lib/tinyusb/src/portable/raspberrypi/rp2040/dcd_rp2040.c.o
                0x10003ff8                dcd_edpt_close_all
 .text.dcd_edpt_xfer
                0x10003ffc       0x28 CMakeFiles/stereoBoy_RP2350_FW.dir/home/iamericmin/.pico-sdk/sdk/2.2.0/lib/tinyusb/src/portable/raspberrypi/rp2040/dcd_rp2040.c.o
                0x10003ffc                dcd_edpt_xfer
 .text.dcd_edpt_stall
                0x10004024       0x30 CMakeFiles/stereoBoy_RP2350_FW.dir/home/iamericmin/.pico-sdk/sdk/2.2.0/lib/tinyusb/src/portable/raspberrypi/rp2040/dcd_rp2040.c.o
                0x10004024                dcd_edpt_stall
 .text.dcd_edpt_clear_stall
                0x10004054       0x24 CMakeFiles/stereoBoy_RP2350_FW.dir/home/iamericmin/.pico-sdk/sdk/2.2.0/lib/tinyusb/src/portable/raspberrypi/rp2040/dcd_rp2040.c.o
                0x10004054                dcd_edpt_clear_stall
 .text.rp2040_usb_init
                0x10004078       0x40 CMakeFiles/stereoBoy_RP2350_FW.dir/home/iamericmin/.pico-sdk/sdk/2.2.0/lib/tinyusb/src/portable/raspberrypi/rp2040/rp2040_usb.c.o
                0x10004078                rp2040_usb_init
 .text.hw_endpoint_xfer_start
                0x100040b8       0x40 CMakeFiles/stereoBoy_RP2350_FW.dir/home/iamericmin/.pico-sdk/sdk/2.2.0/lib/tinyusb/src/portable/raspberrypi/rp2040/rp2040_usb.c.o
                0x100040b8                hw_endpoint_xfer_start
 .text.configuration_reset
                0x100040f8       0x8c CMakeFiles/stereoBoy_RP2350_FW.dir/home/iamericmin/.pico-sdk/sdk/2.2.0/lib/tinyusb/src/device/usbd.c.o
 .text.tud_event_hook_cb
                0x10004184        0x4 CMakeFiles/stereoBoy_RP2350_FW.dir/home/iamericmin/.pico-sdk/sdk/2.2.0/lib/tinyusb/src/device/usbd.c.o
                0x10004184                tud_event_hook_cb
 .text.tud_sof_cb
                0x10004188        0x4 CMakeFiles/stereoBoy_RP2350_FW.dir/home/iamericmin/.pico-sdk/sdk/2.2.0/lib/tinyusb/src/device/usbd.c.o
                0x10004188                tud_sof_cb
 .text.tud_descriptor_device_qualifier_cb
                0x1000418c        0x4 CMakeFiles/stereoBoy_RP2350_FW.dir/home/iamericmin/.pico-sdk/sdk/2.2.0/lib/tinyusb/src/device/usbd.c.o
                0x1000418c                tud_descriptor_device_qualifier_cb
 .text.tud_descriptor_other_speed_configuration_cb
                0x10004190        0x4 CMakeFiles/stereoBoy_RP2350_FW.dir/home/iamericmin/.pico-sdk/sdk/2.2.0/lib/tinyusb/src/device/usbd.c.o
                0x10004190                tud_descriptor_other_speed_configuration_cb
 .text.tud_mount_cb
                0x10004194        0x4 CMakeFiles/stereoBoy_RP2350_FW.dir/home/iamericmin/.pico-sdk/sdk/2.2.0/lib/tinyusb/src/device/usbd.c.o
                0x10004194                tud_mount_cb
 .text.tud_umount_cb
                0x10004198        0x4 CMakeFiles/stereoBoy_RP2350_FW.dir/home/iamericmin/.pico-sdk/sdk/2.2.0/lib/tinyusb/src/device/usbd.c.o
                0x10004198                tud_umount_cb
 .text.tud_suspend_cb
                0x1000419c        0x4 CMakeFiles/stereoBoy_RP2350_FW.dir/home/iamericmin/.pico-sdk/sdk/2.2.0/lib/tinyusb/src/device/usbd.c.o
                0x1000419c                tud_suspend_cb
 .text.tud_resume_cb
                0x100041a0        0x4 CMakeFiles/stereoBoy_RP2350_FW.dir/home/iamericmin/.pico-sdk/sdk/2.2.0/lib/tinyusb/src/device/usbd.c.o
                0x100041a0                tud_resume_cb
 .text.tud_mounted
                0x100041a4       0x10 CMakeFiles/stereoBoy_RP2350_FW.dir/home/iamericmin/.pico-sdk/sdk/2.2.0/lib/tinyusb/src/device/usbd.c.o
                0x100041a4                tud_mounted
 .text.tud_suspended
                0x100041b4       0x10 CMakeFiles/stereoBoy_RP2350_FW.dir/home/iamericmin/.pico-sdk/sdk/2.2.0/lib/tinyusb/src/device/usbd.c.o
                0x100041b4                tud_suspended
 .text.tud_rhport_init
                0x100041c4       0xf4 CMakeFiles/stereoBoy_RP2350_FW.dir/home/iamericmin/.pico-sdk/sdk/2.2.0/lib/tinyusb/src/device/usbd.c.o
                0x100041c4                tud_rhport_init
 .text.tud_task_ext
                0x100042b8      0x784 CMakeFiles/stereoBoy_RP2350_FW.dir/home/iamericmin/.pico-sdk/sdk/2.2.0/lib/tinyusb/src/device/usbd.c.o
                0x100042b8                tud_task_ext
 .text.usbd_open_edpt_pair
                0x10004a3c       0x9c CMakeFiles/stereoBoy_RP2350_FW.dir/home/iamericmin/.pico-sdk/sdk/2.2.0/lib/tinyusb/src/device/usbd.c.o
                0x10004a3c                usbd_open_edpt_pair
 .text.usbd_edpt_open
                0x10004ad8       0x44 CMakeFiles/stereoBoy_RP2350_FW.dir/home/iamericmin/.pico-sdk/sdk/2.2.0/lib/tinyusb/src/device/usbd.c.o
                0x10004ad8                usbd_edpt_open
 .text.usbd_edpt_claim
                0x10004b1c       0x24 CMakeFiles/stereoBoy_RP2350_FW.dir/home/iamericmin/.pico-sdk/sdk/2.2.0/lib/tinyusb/src/device/usbd.c.o
                0x10004b1c                usbd_edpt_claim
 .text.usbd_edpt_release
                0x10004b40       0x24 CMakeFiles/stereoBoy_RP2350_FW.dir/home/iamericmin/.pico-sdk/sdk/2.2.0/lib/tinyusb/src/device/usbd.c.o
                0x10004b40                usbd_edpt_release
 .text.usbd_edpt_xfer
                0x10004b64       0x70 CMakeFiles/stereoBoy_RP2350_FW.dir/home/iamericmin/.pico-sdk/sdk/2.2.0/lib/tinyusb/src/device/usbd.c.o
                0x10004b64                usbd_edpt_xfer
 .text.tud_control_status
                0x10004bd4       0x34 CMakeFiles/stereoBoy_RP2350_FW.dir/home/iamericmin/.pico-sdk/sdk/2.2.0/lib/tinyusb/src/device/usbd_control.c.o
                0x10004bd4                tud_control_status
 .text.tud_control_xfer
                0x10004c08       0xb0 CMakeFiles/stereoBoy_RP2350_FW.dir/home/iamericmin/.pico-sdk/sdk/2.2.0/lib/tinyusb/src/device/usbd_control.c.o
                0x10004c08                tud_control_xfer
 .text.usbd_control_reset
                0x10004cb8       0x14 CMakeFiles/stereoBoy_RP2350_FW.dir/home/iamericmin/.pico-sdk/sdk/2.2.0/lib/tinyusb/src/device/usbd_control.c.o
                0x10004cb8                usbd_control_reset
 .text.usbd_control_set_complete_callback
                0x10004ccc        0xc CMakeFiles/stereoBoy_RP2350_FW.dir/home/iamericmin/.pico-sdk/sdk/2.2.0/lib/tinyusb/src/device/usbd_control.c.o
                0x10004ccc                usbd_control_set_complete_callback
 .text.usbd_control_set_request
                0x10004cd8       0x1c CMakeFiles/stereoBoy_RP2350_FW.dir/home/iamericmin/.pico-sdk/sdk/2.2.0/lib/tinyusb/src/device/usbd_control.c.o
                0x10004cd8                usbd_control_set_request
 .text.usbd_control_xfer_cb
                0x10004cf4      0x100 CMakeFiles/stereoBoy_RP2350_FW.dir/home/iamericmin/.pico-sdk/sdk/2.2.0/lib/tinyusb/src/device/usbd_control.c.o
                0x10004cf4                usbd_control_xfer_cb
 .text._prep_out_transaction.isra.0
                0x10004df4       0x74 CMakeFiles/stereoBoy_RP2350_FW.dir/home/iamericmin/.pico-sdk/sdk/2.2.0/lib/tinyusb/src/class/cdc/cdc_device.c.o
 .text.tud_cdc_n_connected
                0x10004e68       0x2c CMakeFiles/stereoBoy_RP2350_FW.dir/home/iamericmin/.pico-sdk/sdk/2.2.0/lib/tinyusb/src/class/cdc/cdc_device.c.o
                0x10004e68                tud_cdc_n_connected
 .text.tud_cdc_n_available
                0x10004e94       0x14 CMakeFiles/stereoBoy_RP2350_FW.dir/home/iamericmin/.pico-sdk/sdk/2.2.0/lib/tinyusb/src/class/cdc/cdc_device.c.o
                0x10004e94                tud_cdc_n_available
 .text.tud_cdc_n_read
                0x10004ea8       0x90 CMakeFiles/stereoBoy_RP2350_FW.dir/home/iamericmin/.pico-sdk/sdk/2.2.0/lib/tinyusb/src/class/cdc/cdc_device.c.o
                0x10004ea8                tud_cdc_n_read
 .text.tud_cdc_n_write_flush
                0x10004f38       0x8c CMakeFiles/stereoBoy_RP2350_FW.dir/home/iamericmin/.pico-sdk/sdk/2.2.0/lib/tinyusb/src/class/cdc/cdc_device.c.o
                0x10004f38                tud_cdc_n_write_flush
 .text.tud_cdc_n_write
                0x10004fc4       0x40 CMakeFiles/stereoBoy_RP2350_FW.dir/home/iamericmin/.pico-sdk/sdk/2.2.0/lib/tinyusb/src/class/cdc/cdc_device.c.o
                0x10004fc4                tud_cdc_n_write
 .text.tud_cdc_n_write_available
                0x10005004       0x14 CMakeFiles/stereoBoy_RP2350_FW.dir/home/iamericmin/.pico-sdk/sdk/2.2.0/lib/tinyusb/src/class/cdc/cdc_device.c.o
                0x10005004                tud_cdc_n_write_available
 .text.cdcd_init
                0x10005018       0x70 CMakeFiles/stereoBoy_RP2350_FW.dir/home/iamericmin/.pico-sdk/sdk/2.2.0/lib/tinyusb/src/class/cdc/cdc_device.c.o
                0x10005018                cdcd_init
 .text.cdcd_deinit
                0x10005088       0x30 CMakeFiles/stereoBoy_RP2350_FW.dir/home/iamericmin/.pico-sdk/sdk/2.2.0/lib/tinyusb/src/class/cdc/cdc_device.c.o
                0x10005088                cdcd_deinit
 .text.cdcd_reset
                0x100050b8       0x4c CMakeFiles/stereoBoy_RP2350_FW.dir/home/iamericmin/.pico-sdk/sdk/2.2.0/lib/tinyusb/src/class/cdc/cdc_device.c.o
                0x100050b8                cdcd_reset
 .text.cdcd_open
                0x10005104       0xc0 CMakeFiles/stereoBoy_RP2350_FW.dir/home/iamericmin/.pico-sdk/sdk/2.2.0/lib/tinyusb/src/class/cdc/cdc_device.c.o
                0x10005104                cdcd_open
 .text.cdcd_control_xfer_cb
                0x100051c4       0xc0 CMakeFiles/stereoBoy_RP2350_FW.dir/home/iamericmin/.pico-sdk/sdk/2.2.0/lib/tinyusb/src/class/cdc/cdc_device.c.o
                0x100051c4                cdcd_control_xfer_cb
 .text.cdcd_xfer_cb
                0x10005284       0xf8 CMakeFiles/stereoBoy_RP2350_FW.dir/home/iamericmin/.pico-sdk/sdk/2.2.0/lib/tinyusb/src/class/cdc/cdc_device.c.o
                0x10005284                cdcd_xfer_cb
 .text.vendord_init
                0x1000537c       0x5c CMakeFiles/stereoBoy_RP2350_FW.dir/home/iamericmin/.pico-sdk/sdk/2.2.0/lib/tinyusb/src/class/vendor/vendor_device.c.o
                0x1000537c                vendord_init
 .text.vendord_deinit
                0x100053d8       0x1c CMakeFiles/stereoBoy_RP2350_FW.dir/home/iamericmin/.pico-sdk/sdk/2.2.0/lib/tinyusb/src/class/vendor/vendor_device.c.o
                0x100053d8                vendord_deinit
 .text.vendord_reset
                0x100053f4       0x24 CMakeFiles/stereoBoy_RP2350_FW.dir/home/iamericmin/.pico-sdk/sdk/2.2.0/lib/tinyusb/src/class/vendor/vendor_device.c.o
                0x100053f4                vendord_reset
 .text.vendord_open
                0x10005418       0xf4 CMakeFiles/stereoBoy_RP2350_FW.dir/home/iamericmin/.pico-sdk/sdk/2.2.0/lib/tinyusb/src/class/vendor/vendor_device.c.o
                0x10005418                vendord_open
 .text.vendord_xfer_cb
                0x1000550c       0x88 CMakeFiles/stereoBoy_RP2350_FW.dir/home/iamericmin/.pico-sdk/sdk/2.2.0/lib/tinyusb/src/class/vendor/vendor_device.c.o
                0x1000550c                vendord_xfer_cb
 .text.tusb_rhport_init
                0x10005594       0x64 CMakeFiles/stereoBoy_RP2350_FW.dir/home/iamericmin/.pico-sdk/sdk/2.2.0/lib/tinyusb/src/tusb.c.o
                0x10005594                tusb_rhport_init
 .text.tu_edpt_claim
                0x100055f8       0x54 CMakeFiles/stereoBoy_RP2350_FW.dir/home/iamericmin/.pico-sdk/sdk/2.2.0/lib/tinyusb/src/tusb.c.o
                0x100055f8                tu_edpt_claim
 .text.tu_edpt_release
                0x1000564c       0x38 CMakeFiles/stereoBoy_RP2350_FW.dir/home/iamericmin/.pico-sdk/sdk/2.2.0/lib/tinyusb/src/tusb.c.o
                0x1000564c                tu_edpt_release
 .text.tu_edpt_validate
                0x10005684       0x60 CMakeFiles/stereoBoy_RP2350_FW.dir/home/iamericmin/.pico-sdk/sdk/2.2.0/lib/tinyusb/src/tusb.c.o
                0x10005684                tu_edpt_validate
 .text.tu_edpt_bind_driver
                0x100056e4       0x58 CMakeFiles/stereoBoy_RP2350_FW.dir/home/iamericmin/.pico-sdk/sdk/2.2.0/lib/tinyusb/src/tusb.c.o
                0x100056e4                tu_edpt_bind_driver
 .text.tu_edpt_stream_init
                0x1000573c       0x58 CMakeFiles/stereoBoy_RP2350_FW.dir/home/iamericmin/.pico-sdk/sdk/2.2.0/lib/tinyusb/src/tusb.c.o
                0x1000573c                tu_edpt_stream_init
 .text.tu_edpt_stream_deinit
                0x10005794        0x4 CMakeFiles/stereoBoy_RP2350_FW.dir/home/iamericmin/.pico-sdk/sdk/2.2.0/lib/tinyusb/src/tusb.c.o
                0x10005794                tu_edpt_stream_deinit
 .text.tu_edpt_stream_write_zlp_if_needed
                0x10005798       0x68 CMakeFiles/stereoBoy_RP2350_FW.dir/home/iamericmin/.pico-sdk/sdk/2.2.0/lib/tinyusb/src/tusb.c.o
                0x10005798                tu_edpt_stream_write_zlp_if_needed
 .text.tu_edpt_stream_write_xfer
                0x10005800       0x70 CMakeFiles/stereoBoy_RP2350_FW.dir/home/iamericmin/.pico-sdk/sdk/2.2.0/lib/tinyusb/src/tusb.c.o
                0x10005800                tu_edpt_stream_write_xfer
 .text.tu_edpt_stream_read_xfer
                0x10005870       0xc8 CMakeFiles/stereoBoy_RP2350_FW.dir/home/iamericmin/.pico-sdk/sdk/2.2.0/lib/tinyusb/src/tusb.c.o
                0x10005870                tu_edpt_stream_read_xfer
 .text.tu_fifo_config
                0x10005938       0x60 CMakeFiles/stereoBoy_RP2350_FW.dir/home/iamericmin/.pico-sdk/sdk/2.2.0/lib/tinyusb/src/common/tusb_fifo.c.o
                0x10005938                tu_fifo_config
 .text.tu_fifo_count
                0x10005998       0x20 CMakeFiles/stereoBoy_RP2350_FW.dir/home/iamericmin/.pico-sdk/sdk/2.2.0/lib/tinyusb/src/common/tusb_fifo.c.o
                0x10005998                tu_fifo_count
 .text.tu_fifo_empty
                0x100059b8       0x14 CMakeFiles/stereoBoy_RP2350_FW.dir/home/iamericmin/.pico-sdk/sdk/2.2.0/lib/tinyusb/src/common/tusb_fifo.c.o
                0x100059b8                tu_fifo_empty
 .text.tu_fifo_remaining
                0x100059cc       0x24 CMakeFiles/stereoBoy_RP2350_FW.dir/home/iamericmin/.pico-sdk/sdk/2.2.0/lib/tinyusb/src/common/tusb_fifo.c.o
                0x100059cc                tu_fifo_remaining
 .text.tu_fifo_read
                0x100059f0       0x94 CMakeFiles/stereoBoy_RP2350_FW.dir/home/iamericmin/.pico-sdk/sdk/2.2.0/lib/tinyusb/src/common/tusb_fifo.c.o
                0x100059f0                tu_fifo_read
 .text.tu_fifo_read_n
                0x10005a84       0xd8 CMakeFiles/stereoBoy_RP2350_FW.dir/home/iamericmin/.pico-sdk/sdk/2.2.0/lib/tinyusb/src/common/tusb_fifo.c.o
                0x10005a84                tu_fifo_read_n
 .text.tu_fifo_write
                0x10005b5c       0xa4 CMakeFiles/stereoBoy_RP2350_FW.dir/home/iamericmin/.pico-sdk/sdk/2.2.0/lib/tinyusb/src/common/tusb_fifo.c.o
                0x10005b5c                tu_fifo_write
 .text.tu_fifo_write_n
                0x10005c00      0x15c CMakeFiles/stereoBoy_RP2350_FW.dir/home/iamericmin/.pico-sdk/sdk/2.2.0/lib/tinyusb/src/common/tusb_fifo.c.o
                0x10005c00                tu_fifo_write_n
 .text.tu_fifo_clear
                0x10005d5c       0x38 CMakeFiles/stereoBoy_RP2350_FW.dir/home/iamericmin/.pico-sdk/sdk/2.2.0/lib/tinyusb/src/common/tusb_fifo.c.o
                0x10005d5c                tu_fifo_clear
 .text.tu_fifo_set_overwritable
                0x10005d94       0x3c CMakeFiles/stereoBoy_RP2350_FW.dir/home/iamericmin/.pico-sdk/sdk/2.2.0/lib/tinyusb/src/common/tusb_fifo.c.o
                0x10005d94                tu_fifo_set_overwritable
 .text.spi_init
                0x10005dd0       0xf4 CMakeFiles/stereoBoy_RP2350_FW.dir/home/iamericmin/.pico-sdk/sdk/2.2.0/src/rp2_common/hardware_spi/spi.c.o
                0x10005dd0                spi_init
 .text.i2c_set_baudrate
                0x10005ec4       0xa4 CMakeFiles/stereoBoy_RP2350_FW.dir/home/iamericmin/.pico-sdk/sdk/2.2.0/src/rp2_common/hardware_i2c/i2c.c.o
                0x10005ec4                i2c_set_baudrate
 .text.i2c_init
                0x10005f68       0x4c CMakeFiles/stereoBoy_RP2350_FW.dir/home/iamericmin/.pico-sdk/sdk/2.2.0/src/rp2_common/hardware_i2c/i2c.c.o
                0x10005f68                i2c_init
 .text.dma_claim_unused_channel
                0x10005fb4       0x20 CMakeFiles/stereoBoy_RP2350_FW.dir/home/iamericmin/.pico-sdk/sdk/2.2.0/src/rp2_common/hardware_dma/dma.c.o
                0x10005fb4                dma_claim_unused_channel
 .text.pio_add_program
                0x10005fd4       0xf4 CMakeFiles/stereoBoy_RP2350_FW.dir/home/iamericmin/.pico-sdk/sdk/2.2.0/src/rp2_common/hardware_pio/pio.c.o
                0x10005fd4                pio_add_program
 .text.pio_sm_set_consecutive_pindirs
                0x100060c8       0x8c CMakeFiles/stereoBoy_RP2350_FW.dir/home/iamericmin/.pico-sdk/sdk/2.2.0/src/rp2_common/hardware_pio/pio.c.o
                0x100060c8                pio_sm_set_consecutive_pindirs
 .text.pio_sm_init
                0x10006154       0xa8 CMakeFiles/stereoBoy_RP2350_FW.dir/home/iamericmin/.pico-sdk/sdk/2.2.0/src/rp2_common/hardware_pio/pio.c.o
                0x10006154                pio_sm_init
 .text.memset   0x100061fc       0x9c /home/iamericmin/.pico-sdk/toolchain/14_2_Rel1/bin/../lib/gcc/arm-none-eabi/14.2.1/../../../../arm-none-eabi/lib/thumb/v8-m.main+fp/softfp/libg.a(libc_a-memset.o)
                0x100061fc                memset
 .text          0x10006298       0xec /home/iamericmin/.pico-sdk/toolchain/14_2_Rel1/bin/../lib/gcc/arm-none-eabi/14.2.1/../../../../arm-none-eabi/lib/thumb/v8-m.main+fp/softfp/libg.a(libc_a-memcpy.o)
                0x10006298                memcpy
 .text.strlen   0x10006384       0x5c /home/iamericmin/.pico-sdk/toolchain/14_2_Rel1/bin/../lib/gcc/arm-none-eabi/14.2.1/../../../../arm-none-eabi/lib/thumb/v8-m.main+fp/softfp/libg.a(libc_a-strlen-stub.o)
                0x10006384                strlen
 *(.fini)
 .fini          0x100063e0        0x4 /home/iamericmin/.pico-sdk/toolchain/14_2_Rel1/bin/../lib/gcc/arm-none-eabi/14.2.1/thumb/v8-m.main+fp/softfp/crti.o
                0x100063e0                _fini
 *fill*         0x100063e4        0x4 
 .fini.__stub   0x100063e8       0x50 linker stubs
 *crtbegin.o(.ctors)
 *crtbegin?.o(.ctors)
 *(EXCLUDE_FILE(*crtend.o *crtend?.o) .ctors)
 *(SORT_BY_NAME(.ctors.*))
 *(.ctors)
 *crtbegin.o(.dtors)
 *crtbegin?.o(.dtors)
 *(EXCLUDE_FILE(*crtend.o *crtend?.o) .dtors)
 *(SORT_BY_NAME(.dtors.*))
 *(.dtors)
                0x10006438                        . = ALIGN (0x4)
                0x10006438                        PROVIDE (__preinit_array_start = .)
 *(SORT_BY_NAME(.preinit_array.*))
 .preinit_array.00050
                0x10006438        0x4 CMakeFiles/stereoBoy_RP2350_FW.dir/home/iamericmin/.pico-sdk/sdk/2.2.0/src/rp2_common/pico_runtime_init/runtime_init.c.o
                0x10006438                __pre_init_runtime_init_bootrom_reset
 .preinit_array.00100
                0x1000643c        0x4 CMakeFiles/stereoBoy_RP2350_FW.dir/home/iamericmin/.pico-sdk/sdk/2.2.0/src/rp2_common/pico_runtime_init/runtime_init.c.o
                0x1000643c                __pre_init_runtime_init_early_resets
 .preinit_array.00101
                0x10006440        0x4 CMakeFiles/stereoBoy_RP2350_FW.dir/home/iamericmin/.pico-sdk/sdk/2.2.0/src/rp2_common/pico_runtime_init/runtime_init.c.o
                0x10006440                __pre_init_runtime_init_usb_power_down
 .preinit_array.00500
                0x10006444        0x4 CMakeFiles/stereoBoy_RP2350_FW.dir/home/iamericmin/.pico-sdk/sdk/2.2.0/src/rp2_common/pico_runtime_init/runtime_init.c.o
                0x10006444                __pre_init_runtime_init_clocks
 .preinit_array.00600
                0x10006448        0x4 CMakeFiles/stereoBoy_RP2350_FW.dir/home/iamericmin/.pico-sdk/sdk/2.2.0/src/rp2_common/pico_runtime_init/runtime_init.c.o
                0x10006448                __pre_init_runtime_init_post_clock_resets
 .preinit_array.01000
                0x1000644c        0x4 CMakeFiles/stereoBoy_RP2350_FW.dir/home/iamericmin/.pico-sdk/sdk/2.2.0/src/rp2_common/hardware_boot_lock/boot_lock.c.o
                0x1000644c                __pre_init_runtime_init_boot_locks_reset
 .preinit_array.01000
                0x10006450        0x4 CMakeFiles/stereoBoy_RP2350_FW.dir/home/iamericmin/.pico-sdk/sdk/2.2.0/src/rp2_common/pico_runtime_init/runtime_init.c.o
                0x10006450                __pre_init_runtime_init_spin_locks_reset
 .preinit_array.01010
                0x10006454        0x4 CMakeFiles/stereoBoy_RP2350_FW.dir/home/iamericmin/.pico-sdk/sdk/2.2.0/src/rp2_common/pico_bootrom/bootrom_lock.c.o
                0x10006454                __pre_init_runtime_init_bootrom_locking_enable
 .preinit_array.01100
                0x10006458        0x4 CMakeFiles/stereoBoy_RP2350_FW.dir/home/iamericmin/.pico-sdk/sdk/2.2.0/src/common/pico_sync/mutex.c.o
                0x10006458                __pre_init_runtime_init_mutex
 .preinit_array.10080
                0x1000645c        0x4 CMakeFiles/stereoBoy_RP2350_FW.dir/home/iamericmin/.pico-sdk/sdk/2.2.0/src/rp2_common/pico_runtime_init/runtime_init.c.o
                0x1000645c                __pre_init_runtime_init_install_ram_vector_table
 .preinit_array.11000
                0x10006460        0x4 CMakeFiles/stereoBoy_RP2350_FW.dir/home/iamericmin/.pico-sdk/sdk/2.2.0/src/common/pico_time/time.c.o
                0x10006460                __pre_init_runtime_init_default_alarm_pool
 .preinit_array.YYYYY
                0x10006464        0x4 CMakeFiles/stereoBoy_RP2350_FW.dir/home/iamericmin/.pico-sdk/sdk/2.2.0/src/rp2_common/pico_runtime/runtime.c.o
                0x10006464                __pre_init_first_per_core_initializer
 .preinit_array.ZZZZZ.00051
                0x10006468        0x4 CMakeFiles/stereoBoy_RP2350_FW.dir/home/iamericmin/.pico-sdk/sdk/2.2.0/src/rp2_common/pico_runtime_init/runtime_init.c.o
                0x10006468                __pre_init_runtime_init_per_core_bootrom_reset
 .preinit_array.ZZZZZ.00200
                0x1000646c        0x4 CMakeFiles/stereoBoy_RP2350_FW.dir/home/iamericmin/.pico-sdk/sdk/2.2.0/src/rp2_common/pico_runtime_init/runtime_init.c.o
                0x1000646c                __pre_init_runtime_init_per_core_enable_coprocessors
 .preinit_array.ZZZZZ.01000
                0x10006470        0x4 CMakeFiles/stereoBoy_RP2350_FW.dir/home/iamericmin/.pico-sdk/sdk/2.2.0/src/rp2_common/hardware_sync_spin_lock/sync_spin_lock.c.o
                0x10006470                __pre_init_spinlock_set_extexclall
 .preinit_array.ZZZZZ.01200
                0x10006474        0x4 CMakeFiles/stereoBoy_RP2350_FW.dir/home/iamericmin/.pico-sdk/sdk/2.2.0/src/rp2_common/hardware_irq/irq.c.o
                0x10006474                __pre_init_runtime_init_per_core_irq_priorities
 *(.preinit_array)
                0x10006478                        PROVIDE (__preinit_array_end = .)
                0x10006478                        . = ALIGN (0x4)
                0x10006478                        PROVIDE (__init_array_start = .)
 *(SORT_BY_NAME(.init_array.*))
 .init_array.01000
                0x10006478        0x4 CMakeFiles/stereoBoy_RP2350_FW.dir/home/iamericmin/.pico-sdk/sdk/2.2.0/src/rp2_common/pico_unique_id/unique_id.c.o
 *(.init_array)
 .init_array    0x1000647c        0x4 /home/iamericmin/.pico-sdk/toolchain/14_2_Rel1/bin/../lib/gcc/arm-none-eabi/14.2.1/thumb/v8-m.main+fp/softfp/crtbegin.o
                0x10006480                        PROVIDE (__init_array_end = .)
                0x10006480                        . = ALIGN (0x4)
                [!provide]                        PROVIDE (__fini_array_start = .)
 *(SORT_BY_NAME(.fini_array.*))
 *(.fini_array)
                [!provide]                        PROVIDE (__fini_array_end = .)
 *(.eh_frame*)
 .eh_frame      0x10006480        0x0 /home/iamericmin/.pico-sdk/toolchain/14_2_Rel1/bin/../lib/gcc/arm-none-eabi/14.2.1/thumb/v8-m.main+fp/softfp/crtbegin.o
                0x10006480                        . = ALIGN (0x4)

.glue_7         0x10006480        0x0
 .glue_7        0x10006480        0x0 linker stubs

.glue_7t        0x10006480        0x0
 .glue_7t       0x10006480        0x0 linker stubs

.vfp11_veneer   0x10006480        0x0
 .vfp11_veneer  0x10006480        0x0 linker stubs

.v4_bx          0x10006480        0x0
 .v4_bx         0x10006480        0x0 linker stubs

.iplt           0x10006480        0x0
 .iplt          0x10006480        0x0 /home/iamericmin/.pico-sdk/toolchain/14_2_Rel1/bin/../lib/gcc/arm-none-eabi/14.2.1/thumb/v8-m.main+fp/softfp/crtbegin.o

.boot2          0x10006480        0x0
                0x10006480                        __boot2_start__ = .
 *(.boot2)
                0x10006480                        __boot2_end__ = .
                0x00000001                        ASSERT (((__boot2_end__ - __boot2_start__) <= 0x100), ERROR: Pico second stage bootloader must be no more than 256 bytes in size)

.rodata         0x10006480      0x49c
 *(EXCLUDE_FILE(*libm.a: *libc.a:*lib_a-mem*.o *libgcc.a:) .rodata*)
 .rodata.blink_pin_forever.str1.4
                0x10006480      0x1f6 CMakeFiles/stereoBoy_RP2350_FW.dir/main.c.o
                                 0x1a (size before relaxing)
 .rodata.main.str1.4
                0x10006676       0x3e CMakeFiles/stereoBoy_RP2350_FW.dir/main.c.o
 *fill*         0x10006676        0x2 
 .rodata.blink_program
                0x10006678        0x8 CMakeFiles/stereoBoy_RP2350_FW.dir/main.c.o
 .rodata.blink_program_instructions
                0x10006680       0x10 CMakeFiles/stereoBoy_RP2350_FW.dir/main.c.o
 .rodata.src    0x10006690       0x19 CMakeFiles/stereoBoy_RP2350_FW.dir/main.c.o
                0x10006690                src
 .rodata.panic.str1.4
                0x100066a9       0x12 CMakeFiles/stereoBoy_RP2350_FW.dir/home/iamericmin/.pico-sdk/sdk/2.2.0/src/rp2_common/pico_platform_panic/panic.c.o
 .rodata.spin_lock_claim_unused.str1.4
                0x100066a9       0x1b CMakeFiles/stereoBoy_RP2350_FW.dir/home/iamericmin/.pico-sdk/sdk/2.2.0/src/rp2_common/hardware_sync/sync.c.o
 .rodata.user_irq_claim_unused.str1.4
                0x100066a9       0x1b CMakeFiles/stereoBoy_RP2350_FW.dir/home/iamericmin/.pico-sdk/sdk/2.2.0/src/rp2_common/hardware_irq/irq.c.o
 .rodata.timer_hardware_alarm_claim.str1.4
                0x100066a9       0x22 CMakeFiles/stereoBoy_RP2350_FW.dir/home/iamericmin/.pico-sdk/sdk/2.2.0/src/rp2_common/hardware_timer/timer.c.o
 .rodata.hard_assertion_failure.str1.4
                0x100066a9        0xc CMakeFiles/stereoBoy_RP2350_FW.dir/home/iamericmin/.pico-sdk/sdk/2.2.0/src/rp2_common/pico_runtime/runtime.c.o
 .rodata.str1.4
                0x100066a9       0x4c CMakeFiles/stereoBoy_RP2350_FW.dir/home/iamericmin/.pico-sdk/sdk/2.2.0/src/rp2_common/pico_standard_binary_info/standard_binary_info.c.o
 *fill*         0x100066a9        0x3 
 .rodata.__bi_84
                0x100066ac        0xc CMakeFiles/stereoBoy_RP2350_FW.dir/home/iamericmin/.pico-sdk/sdk/2.2.0/src/rp2_common/pico_standard_binary_info/standard_binary_info.c.o
 .rodata.__bi_78
                0x100066b8        0xc CMakeFiles/stereoBoy_RP2350_FW.dir/home/iamericmin/.pico-sdk/sdk/2.2.0/src/rp2_common/pico_standard_binary_info/standard_binary_info.c.o
 .rodata.__bi_60
                0x100066c4        0xc CMakeFiles/stereoBoy_RP2350_FW.dir/home/iamericmin/.pico-sdk/sdk/2.2.0/src/rp2_common/pico_standard_binary_info/standard_binary_info.c.o
 .rodata.__bi_54
                0x100066d0        0xc CMakeFiles/stereoBoy_RP2350_FW.dir/home/iamericmin/.pico-sdk/sdk/2.2.0/src/rp2_common/pico_standard_binary_info/standard_binary_info.c.o
 .rodata.__bi_48
                0x100066dc        0xc CMakeFiles/stereoBoy_RP2350_FW.dir/home/iamericmin/.pico-sdk/sdk/2.2.0/src/rp2_common/pico_standard_binary_info/standard_binary_info.c.o
 .rodata.__bi_42
                0x100066e8        0xc CMakeFiles/stereoBoy_RP2350_FW.dir/home/iamericmin/.pico-sdk/sdk/2.2.0/src/rp2_common/pico_standard_binary_info/standard_binary_info.c.o
 .rodata.__bi_34
                0x100066f4        0xc CMakeFiles/stereoBoy_RP2350_FW.dir/home/iamericmin/.pico-sdk/sdk/2.2.0/src/rp2_common/pico_standard_binary_info/standard_binary_info.c.o
 .rodata.__bi_26
                0x10006700        0xc CMakeFiles/stereoBoy_RP2350_FW.dir/home/iamericmin/.pico-sdk/sdk/2.2.0/src/rp2_common/pico_standard_binary_info/standard_binary_info.c.o
 .rodata._ftoa.str1.4
                0x1000670c       0x15 CMakeFiles/stereoBoy_RP2350_FW.dir/home/iamericmin/.pico-sdk/sdk/2.2.0/src/rp2_common/pico_printf/printf.c.o
 *fill*         0x1000670c        0x4 
 .rodata.pow10.0
                0x10006710       0x50 CMakeFiles/stereoBoy_RP2350_FW.dir/home/iamericmin/.pico-sdk/sdk/2.2.0/src/rp2_common/pico_printf/printf.c.o
 .rodata.crlf_str.0
                0x10006760        0x2 CMakeFiles/stereoBoy_RP2350_FW.dir/home/iamericmin/.pico-sdk/sdk/2.2.0/src/rp2_common/pico_stdio/stdio.c.o
 *fill*         0x10006762        0x2 
 .rodata._resetd_driver
                0x10006764       0x20 CMakeFiles/stereoBoy_RP2350_FW.dir/home/iamericmin/.pico-sdk/sdk/2.2.0/src/rp2_common/pico_stdio_usb/reset_interface.c.o
 .rodata.desc_ms_os_20
                0x10006784       0xa6 CMakeFiles/stereoBoy_RP2350_FW.dir/home/iamericmin/.pico-sdk/sdk/2.2.0/src/rp2_common/pico_stdio_usb/reset_interface.c.o
 *fill*         0x1000682a        0x2 
 .rodata.desc_bos
                0x1000682c       0x21 CMakeFiles/stereoBoy_RP2350_FW.dir/home/iamericmin/.pico-sdk/sdk/2.2.0/src/rp2_common/pico_stdio_usb/reset_interface.c.o
                0x1000682c                desc_bos
 .rodata.str1.4
                0x1000684d       0x13 CMakeFiles/stereoBoy_RP2350_FW.dir/home/iamericmin/.pico-sdk/sdk/2.2.0/src/rp2_common/pico_stdio_usb/stdio_usb.c.o
 *fill*         0x1000684d        0x3 
 .rodata.__bi_202.0
                0x10006850        0xc CMakeFiles/stereoBoy_RP2350_FW.dir/home/iamericmin/.pico-sdk/sdk/2.2.0/src/rp2_common/pico_stdio_usb/stdio_usb.c.o
 .rodata.str1.4
                0x1000685c       0x2a CMakeFiles/stereoBoy_RP2350_FW.dir/home/iamericmin/.pico-sdk/sdk/2.2.0/src/rp2_common/pico_stdio_usb/stdio_usb_descriptors.c.o
 .rodata.usbd_desc_str
                0x1000685c       0x18 CMakeFiles/stereoBoy_RP2350_FW.dir/home/iamericmin/.pico-sdk/sdk/2.2.0/src/rp2_common/pico_stdio_usb/stdio_usb_descriptors.c.o
 .rodata.usbd_desc_cfg
                0x10006874       0x54 CMakeFiles/stereoBoy_RP2350_FW.dir/home/iamericmin/.pico-sdk/sdk/2.2.0/src/rp2_common/pico_stdio_usb/stdio_usb_descriptors.c.o
 .rodata.usbd_desc_device
                0x100068c8       0x12 CMakeFiles/stereoBoy_RP2350_FW.dir/home/iamericmin/.pico-sdk/sdk/2.2.0/src/rp2_common/pico_stdio_usb/stdio_usb_descriptors.c.o
 .rodata.str1.4
                0x100068da       0x14 CMakeFiles/stereoBoy_RP2350_FW.dir/home/iamericmin/.pico-sdk/sdk/2.2.0/lib/tinyusb/src/portable/raspberrypi/rp2040/dcd_rp2040.c.o
 .rodata.str1.4
                0x100068da       0x48 CMakeFiles/stereoBoy_RP2350_FW.dir/home/iamericmin/.pico-sdk/sdk/2.2.0/lib/tinyusb/src/portable/raspberrypi/rp2040/rp2040_usb.c.o
 *fill*         0x100068da        0x2 
 .rodata._usbd_driver
                0x100068dc       0x40 CMakeFiles/stereoBoy_RP2350_FW.dir/home/iamericmin/.pico-sdk/sdk/2.2.0/lib/tinyusb/src/device/usbd.c.o
 .rodata.dma_claim_unused_channel.str1.4
                0x1000691c       0x1e CMakeFiles/stereoBoy_RP2350_FW.dir/home/iamericmin/.pico-sdk/sdk/2.2.0/src/rp2_common/hardware_dma/dma.c.o
 *(.srodata*)
                0x1000693c                        . = ALIGN (0x4)
 *(SORT_BY_ALIGNMENT(SORT_BY_NAME(.flashdata*)))
                0x1000693c                        . = ALIGN (0x4)

.ARM.extab
 *(.ARM.extab* .gnu.linkonce.armextab.*)
                0x1000691c                        __exidx_start = .

.ARM.exidx      0x1000691c        0x8
 *(.ARM.exidx* .gnu.linkonce.armexidx.*)
 .ARM.exidx     0x1000691c        0x8 /home/iamericmin/.pico-sdk/toolchain/14_2_Rel1/bin/../lib/gcc/arm-none-eabi/14.2.1/../../../../arm-none-eabi/lib/thumb/v8-m.main+fp/softfp/libg.a(libc_a-memcpy.o)
 .ARM.exidx.text.__udivmoddi4
                0x10006924        0x0 /home/iamericmin/.pico-sdk/toolchain/14_2_Rel1/bin/../lib/gcc/arm-none-eabi/14.2.1/thumb/v8-m.main+fp/softfp/libgcc.a(_udivmoddi4.o)
                                  0x8 (size before relaxing)
                0x10006924                        __exidx_end = .
                0x10006924                        . = ALIGN (0x4)
                0x10006924                        __binary_info_start = .

.binary_info    0x10006924       0x24
 *(.binary_info.keep.*)
 .binary_info.keep.__bi_ptr84
                0x10006924        0x4 CMakeFiles/stereoBoy_RP2350_FW.dir/home/iamericmin/.pico-sdk/sdk/2.2.0/src/rp2_common/pico_standard_binary_info/standard_binary_info.c.o
 .binary_info.keep.__bi_ptr78
                0x10006928        0x4 CMakeFiles/stereoBoy_RP2350_FW.dir/home/iamericmin/.pico-sdk/sdk/2.2.0/src/rp2_common/pico_standard_binary_info/standard_binary_info.c.o
 .binary_info.keep.__bi_ptr60
                0x1000692c        0x4 CMakeFiles/stereoBoy_RP2350_FW.dir/home/iamericmin/.pico-sdk/sdk/2.2.0/src/rp2_common/pico_standard_binary_info/standard_binary_info.c.o
 .binary_info.keep.__bi_ptr54
                0x10006930        0x4 CMakeFiles/stereoBoy_RP2350_FW.dir/home/iamericmin/.pico-sdk/sdk/2.2.0/src/rp2_common/pico_standard_binary_info/standard_binary_info.c.o
 .binary_info.keep.__bi_ptr48
                0x10006934        0x4 CMakeFiles/stereoBoy_RP2350_FW.dir/home/iamericmin/.pico-sdk/sdk/2.2.0/src/rp2_common/pico_standard_binary_info/standard_binary_info.c.o
 .binary_info.keep.__bi_ptr42
                0x10006938        0x4 CMakeFiles/stereoBoy_RP2350_FW.dir/home/iamericmin/.pico-sdk/sdk/2.2.0/src/rp2_common/pico_standard_binary_info/standard_binary_info.c.o
 .binary_info.keep.__bi_ptr34
                0x1000693c        0x4 CMakeFiles/stereoBoy_RP2350_FW.dir/home/iamericmin/.pico-sdk/sdk/2.2.0/src/rp2_common/pico_standard_binary_info/standard_binary_info.c.o
 .binary_info.keep.__bi_ptr26
                0x10006940        0x4 CMakeFiles/stereoBoy_RP2350_FW.dir/home/iamericmin/.pico-sdk/sdk/2.2.0/src/rp2_common/pico_standard_binary_info/standard_binary_info.c.o
 *(.binary_info.*)
 .binary_info.__bi_ptr202
                0x10006944        0x4 CMakeFiles/stereoBoy_RP2350_FW.dir/home/iamericmin/.pico-sdk/sdk/2.2.0/src/rp2_common/pico_stdio_usb/stdio_usb.c.o
                0x10006948                        __binary_info_end = .
                0x10006948                        . = ALIGN (0x4)

.ram_vector_table
                0x20000000      0x110
 *(.ram_vector_table)
 .ram_vector_table
                0x20000000      0x110 CMakeFiles/stereoBoy_RP2350_FW.dir/home/iamericmin/.pico-sdk/sdk/2.2.0/src/rp2_common/pico_runtime_init/runtime_init.c.o
                0x20000000                ram_vector_table

.uninitialized_data
                0x20000110        0x0
                0x20000110                        . = ALIGN (0x4)
 *(.uninitialized_data*)

.data           0x20000110     0x111c load address 0x10006948
                0x20000110                        __data_start__ = .
 *(vtable)
 *(.time_critical*)
 .time_critical.mutex_try_enter
                0x20000110       0x50 CMakeFiles/stereoBoy_RP2350_FW.dir/home/iamericmin/.pico-sdk/sdk/2.2.0/src/common/pico_sync/mutex.c.o
                0x20000110                mutex_try_enter
 .time_critical.mutex_enter_block_until
                0x20000160       0x6c CMakeFiles/stereoBoy_RP2350_FW.dir/home/iamericmin/.pico-sdk/sdk/2.2.0/src/common/pico_sync/mutex.c.o
                0x20000160                mutex_enter_block_until
 .time_critical.mutex_try_enter_block_until
                0x200001cc       0x68 CMakeFiles/stereoBoy_RP2350_FW.dir/home/iamericmin/.pico-sdk/sdk/2.2.0/src/common/pico_sync/mutex.c.o
                0x200001cc                mutex_try_enter_block_until
 .time_critical.mutex_enter_timeout_ms
                0x20000234       0x38 CMakeFiles/stereoBoy_RP2350_FW.dir/home/iamericmin/.pico-sdk/sdk/2.2.0/src/common/pico_sync/mutex.c.o
                0x20000234                mutex_enter_timeout_ms
 .time_critical.mutex_exit
                0x2000026c       0x3c CMakeFiles/stereoBoy_RP2350_FW.dir/home/iamericmin/.pico-sdk/sdk/2.2.0/src/common/pico_sync/mutex.c.o
                0x2000026c                mutex_exit
 .time_critical.reset_non_control_endpoints
                0x200002a8       0x64 CMakeFiles/stereoBoy_RP2350_FW.dir/home/iamericmin/.pico-sdk/sdk/2.2.0/lib/tinyusb/src/portable/raspberrypi/rp2040/dcd_rp2040.c.o
 .time_critical.hw_handle_buff_status
                0x2000030c       0x90 CMakeFiles/stereoBoy_RP2350_FW.dir/home/iamericmin/.pico-sdk/sdk/2.2.0/lib/tinyusb/src/portable/raspberrypi/rp2040/dcd_rp2040.c.o
 .time_critical.dcd_rp2040_irq
                0x2000039c      0x530 CMakeFiles/stereoBoy_RP2350_FW.dir/home/iamericmin/.pico-sdk/sdk/2.2.0/lib/tinyusb/src/portable/raspberrypi/rp2040/dcd_rp2040.c.o
 .time_critical.prepare_ep_buffer
                0x200008cc       0xc0 CMakeFiles/stereoBoy_RP2350_FW.dir/home/iamericmin/.pico-sdk/sdk/2.2.0/lib/tinyusb/src/portable/raspberrypi/rp2040/rp2040_usb.c.o
 .time_critical.sync_ep_buffer
                0x2000098c       0xb4 CMakeFiles/stereoBoy_RP2350_FW.dir/home/iamericmin/.pico-sdk/sdk/2.2.0/lib/tinyusb/src/portable/raspberrypi/rp2040/rp2040_usb.c.o
 .time_critical._hw_endpoint_xfer_sync
                0x20000a40       0x2c CMakeFiles/stereoBoy_RP2350_FW.dir/home/iamericmin/.pico-sdk/sdk/2.2.0/lib/tinyusb/src/portable/raspberrypi/rp2040/rp2040_usb.c.o
 .time_critical.e15_is_bulkin_ep
                0x20000a6c       0x28 CMakeFiles/stereoBoy_RP2350_FW.dir/home/iamericmin/.pico-sdk/sdk/2.2.0/lib/tinyusb/src/portable/raspberrypi/rp2040/rp2040_usb.c.o
 .time_critical.e15_is_critical_frame_period
                0x20000a94       0x28 CMakeFiles/stereoBoy_RP2350_FW.dir/home/iamericmin/.pico-sdk/sdk/2.2.0/lib/tinyusb/src/portable/raspberrypi/rp2040/rp2040_usb.c.o
 .time_critical.hw_endpoint_reset_transfer
                0x20000abc        0xc CMakeFiles/stereoBoy_RP2350_FW.dir/home/iamericmin/.pico-sdk/sdk/2.2.0/lib/tinyusb/src/portable/raspberrypi/rp2040/rp2040_usb.c.o
                0x20000abc                hw_endpoint_reset_transfer
 .time_critical._hw_endpoint_buffer_control_update32
                0x20000ac8       0x44 CMakeFiles/stereoBoy_RP2350_FW.dir/home/iamericmin/.pico-sdk/sdk/2.2.0/lib/tinyusb/src/portable/raspberrypi/rp2040/rp2040_usb.c.o
                0x20000ac8                _hw_endpoint_buffer_control_update32
 .time_critical.hw_endpoint_start_next_buffer
                0x20000b0c       0x64 CMakeFiles/stereoBoy_RP2350_FW.dir/home/iamericmin/.pico-sdk/sdk/2.2.0/lib/tinyusb/src/portable/raspberrypi/rp2040/rp2040_usb.c.o
                0x20000b0c                hw_endpoint_start_next_buffer
 .time_critical.hw_endpoint_xfer_continue
                0x20000b70       0x3c CMakeFiles/stereoBoy_RP2350_FW.dir/home/iamericmin/.pico-sdk/sdk/2.2.0/lib/tinyusb/src/portable/raspberrypi/rp2040/rp2040_usb.c.o
                0x20000b70                hw_endpoint_xfer_continue
 .time_critical.tinyusb
                0x20000bac      0x224 CMakeFiles/stereoBoy_RP2350_FW.dir/home/iamericmin/.pico-sdk/sdk/2.2.0/lib/tinyusb/src/device/usbd.c.o
                0x20000bac                dcd_event_handler
 *(.text*)
 .text          0x20000dd0       0x30 /home/iamericmin/.pico-sdk/toolchain/14_2_Rel1/bin/../lib/gcc/arm-none-eabi/14.2.1/thumb/v8-m.main+fp/softfp/libgcc.a(_aeabi_uldivmod.o)
                0x20000dd0                __aeabi_uldivmod
 .text.__udivmoddi4
                0x20000e00      0x34c /home/iamericmin/.pico-sdk/toolchain/14_2_Rel1/bin/../lib/gcc/arm-none-eabi/14.2.1/thumb/v8-m.main+fp/softfp/libgcc.a(_udivmoddi4.o)
                0x20000e00                __udivmoddi4
 .text          0x2000114c        0x4 /home/iamericmin/.pico-sdk/toolchain/14_2_Rel1/bin/../lib/gcc/arm-none-eabi/14.2.1/thumb/v8-m.main+fp/softfp/libgcc.a(_dvmd_tls.o)
                0x2000114c                __aeabi_ldiv0
                0x2000114c                __aeabi_idiv0
 .text.__stub   0x20001150       0x30 linker stubs
                0x20001180                        . = ALIGN (0x4)
 *(.rodata*)
                0x20001180                        . = ALIGN (0x4)
 *(.data*)
 .data.striped_spin_lock_num
                0x20001180        0x1 CMakeFiles/stereoBoy_RP2350_FW.dir/home/iamericmin/.pico-sdk/sdk/2.2.0/src/rp2_common/hardware_sync/sync.c.o
 *fill*         0x20001181        0x3 
 .data          0x20001184       0x48 CMakeFiles/stereoBoy_RP2350_FW.dir/home/iamericmin/.pico-sdk/sdk/2.2.0/src/rp2_common/hardware_irq/irq_handler_chain.S.o
                0x20001184                irq_handler_chain_slots
                0x200011b4                irq_handler_chain_first_slot
                0x200011be                irq_handler_chain_remove_tail
 .data.default_alarm_pool
                0x200011cc       0x18 CMakeFiles/stereoBoy_RP2350_FW.dir/home/iamericmin/.pico-sdk/sdk/2.2.0/src/common/pico_time/time.c.o
 .data.stdio_usb
                0x200011e4       0x18 CMakeFiles/stereoBoy_RP2350_FW.dir/home/iamericmin/.pico-sdk/sdk/2.2.0/src/rp2_common/pico_stdio_usb/stdio_usb.c.o
                0x200011e4                stdio_usb
 .data._usbd_qdef
                0x200011fc       0x1c CMakeFiles/stereoBoy_RP2350_FW.dir/home/iamericmin/.pico-sdk/sdk/2.2.0/lib/tinyusb/src/device/usbd.c.o
                0x200011fc                _usbd_qdef
 .data._usbd_rhport
                0x20001218        0x1 CMakeFiles/stereoBoy_RP2350_FW.dir/home/iamericmin/.pico-sdk/sdk/2.2.0/lib/tinyusb/src/device/usbd.c.o
 *fill*         0x20001219        0x3 
 .data.i2c0_inst
                0x2000121c        0x8 CMakeFiles/stereoBoy_RP2350_FW.dir/home/iamericmin/.pico-sdk/sdk/2.2.0/src/rp2_common/hardware_i2c/i2c.c.o
                0x2000121c                i2c0_inst
 *(.sdata*)
                0x20001224                        . = ALIGN (0x4)
 *(.after_data.*)
                0x20001224                        . = ALIGN (0x4)
                0x20001224                        PROVIDE (__mutex_array_start = .)
 *(SORT_BY_NAME(.mutex_array.*))
 *(.mutex_array)
 .mutex_array   0x20001224        0x8 CMakeFiles/stereoBoy_RP2350_FW.dir/home/iamericmin/.pico-sdk/sdk/2.2.0/src/rp2_common/pico_stdio/stdio.c.o
                0x2000122c                        PROVIDE (__mutex_array_end = .)
 *(.jcr)
                0x2000122c                        . = ALIGN (0x4)

.tm_clone_table
                0x2000122c        0x0 load address 0x10007a64
 .tm_clone_table
                0x2000122c        0x0 /home/iamericmin/.pico-sdk/toolchain/14_2_Rel1/bin/../lib/gcc/arm-none-eabi/14.2.1/thumb/v8-m.main+fp/softfp/crtbegin.o
 .tm_clone_table
                0x2000122c        0x0 /home/iamericmin/.pico-sdk/toolchain/14_2_Rel1/bin/../lib/gcc/arm-none-eabi/14.2.1/thumb/v8-m.main+fp/softfp/crtend.o

.igot.plt       0x2000122c        0x0 load address 0x10007a64
 .igot.plt      0x2000122c        0x0 /home/iamericmin/.pico-sdk/toolchain/14_2_Rel1/bin/../lib/gcc/arm-none-eabi/14.2.1/thumb/v8-m.main+fp/softfp/crtbegin.o

.tdata          0x2000122c        0x0 load address 0x10007a64
                0x2000122c                        . = ALIGN (0x4)
 *(.tdata .tdata.* .gnu.linkonce.td.*)
                0x2000122c                        __tdata_end = .
                0x2000122c                        PROVIDE (__data_end__ = .)
                0x10006948                        __etext = LOADADDR (.data)

.tbss           0x2000122c        0x0 load address 0x10007a64
                0x2000122c                        . = ALIGN (0x4)
                0x2000122c                        __bss_start__ = .
                0x2000122c                        __tls_base = .
 *(.tbss .tbss.* .gnu.linkonce.tb.*)
 *(.tcommon)
                0x2000122c                        __tls_end = .

.bss            0x20001230      0xc50 load address 0x10007a64
                0x20001230                        . = ALIGN (0x4)
                0x20001230                        __tbss_end = .
 *(SORT_BY_ALIGNMENT(SORT_BY_NAME(.bss*)))
 .bss.default_alarm_pool_entries
                0x20001230      0x180 CMakeFiles/stereoBoy_RP2350_FW.dir/home/iamericmin/.pico-sdk/sdk/2.2.0/src/common/pico_time/time.c.o
 .bss.last_avail_time.1
                0x200013b0        0x8 CMakeFiles/stereoBoy_RP2350_FW.dir/home/iamericmin/.pico-sdk/sdk/2.2.0/src/rp2_common/pico_stdio_usb/stdio_usb.c.o
 .bss._app_driver
                0x200013b8        0x4 CMakeFiles/stereoBoy_RP2350_FW.dir/home/iamericmin/.pico-sdk/sdk/2.2.0/lib/tinyusb/src/device/usbd.c.o
 .bss._cdcd_epbuf
                0x200013bc       0x80 CMakeFiles/stereoBoy_RP2350_FW.dir/home/iamericmin/.pico-sdk/sdk/2.2.0/lib/tinyusb/src/class/cdc/cdc_device.c.o
 .bss._cdcd_fifo_cfg
                0x2000143c        0x1 CMakeFiles/stereoBoy_RP2350_FW.dir/home/iamericmin/.pico-sdk/sdk/2.2.0/lib/tinyusb/src/class/cdc/cdc_device.c.o
 *fill*         0x2000143d        0x3 
 .bss._cdcd_itf
                0x20001440       0xc8 CMakeFiles/stereoBoy_RP2350_FW.dir/home/iamericmin/.pico-sdk/sdk/2.2.0/lib/tinyusb/src/class/cdc/cdc_device.c.o
 .bss._ctrl_epbuf
                0x20001508       0x40 CMakeFiles/stereoBoy_RP2350_FW.dir/home/iamericmin/.pico-sdk/sdk/2.2.0/lib/tinyusb/src/device/usbd_control.c.o
 .bss._ctrl_xfer
                0x20001548       0x14 CMakeFiles/stereoBoy_RP2350_FW.dir/home/iamericmin/.pico-sdk/sdk/2.2.0/lib/tinyusb/src/device/usbd_control.c.o
 .bss._sw_spin_locks
                0x2000155c       0x20 CMakeFiles/stereoBoy_RP2350_FW.dir/home/iamericmin/.pico-sdk/sdk/2.2.0/src/rp2_common/hardware_sync_spin_lock/sync_spin_lock.c.o
                0x2000155c                _sw_spin_locks
 .bss._tusb_rhport_role
                0x2000157c        0x2 CMakeFiles/stereoBoy_RP2350_FW.dir/home/iamericmin/.pico-sdk/sdk/2.2.0/lib/tinyusb/src/tusb.c.o
                0x2000157c                _tusb_rhport_role
 *fill*         0x2000157e        0x2 
 .bss._ubsd_mutexdef
                0x20001580        0x8 CMakeFiles/stereoBoy_RP2350_FW.dir/home/iamericmin/.pico-sdk/sdk/2.2.0/lib/tinyusb/src/device/usbd.c.o
 .bss._usbd_dev
                0x20001588       0x54 CMakeFiles/stereoBoy_RP2350_FW.dir/home/iamericmin/.pico-sdk/sdk/2.2.0/lib/tinyusb/src/device/usbd.c.o
 .bss._usbd_mutex
                0x200015dc        0x4 CMakeFiles/stereoBoy_RP2350_FW.dir/home/iamericmin/.pico-sdk/sdk/2.2.0/lib/tinyusb/src/device/usbd.c.o
 .bss._usbd_q   0x200015e0        0x4 CMakeFiles/stereoBoy_RP2350_FW.dir/home/iamericmin/.pico-sdk/sdk/2.2.0/lib/tinyusb/src/device/usbd.c.o
 .bss._usbd_qdef_buf
                0x200015e4       0xc0 CMakeFiles/stereoBoy_RP2350_FW.dir/home/iamericmin/.pico-sdk/sdk/2.2.0/lib/tinyusb/src/device/usbd.c.o
                0x200015e4                _usbd_qdef_buf
 .bss._used_instruction_space
                0x200016a4        0xc CMakeFiles/stereoBoy_RP2350_FW.dir/home/iamericmin/.pico-sdk/sdk/2.2.0/src/rp2_common/hardware_pio/pio.c.o
 .bss._vendord_epbuf
                0x200016b0       0x80 CMakeFiles/stereoBoy_RP2350_FW.dir/home/iamericmin/.pico-sdk/sdk/2.2.0/lib/tinyusb/src/class/vendor/vendor_device.c.o
 .bss._vendord_itf
                0x20001730      0x24c CMakeFiles/stereoBoy_RP2350_FW.dir/home/iamericmin/.pico-sdk/sdk/2.2.0/lib/tinyusb/src/class/vendor/vendor_device.c.o
 .bss.chars_available_callback
                0x2000197c        0x4 CMakeFiles/stereoBoy_RP2350_FW.dir/home/iamericmin/.pico-sdk/sdk/2.2.0/src/rp2_common/pico_stdio_usb/stdio_usb.c.o
 .bss.chars_available_param
                0x20001980        0x4 CMakeFiles/stereoBoy_RP2350_FW.dir/home/iamericmin/.pico-sdk/sdk/2.2.0/src/rp2_common/pico_stdio_usb/stdio_usb.c.o
 .bss.claimed   0x20001984        0x4 CMakeFiles/stereoBoy_RP2350_FW.dir/home/iamericmin/.pico-sdk/sdk/2.2.0/src/rp2_common/hardware_sync/sync.c.o
 .bss.claimed   0x20001988        0x2 CMakeFiles/stereoBoy_RP2350_FW.dir/home/iamericmin/.pico-sdk/sdk/2.2.0/src/rp2_common/hardware_timer/timer.c.o
 *fill*         0x2000198a        0x2 
 .bss.configured_freq
                0x2000198c       0x28 CMakeFiles/stereoBoy_RP2350_FW.dir/home/iamericmin/.pico-sdk/sdk/2.2.0/src/rp2_common/hardware_clocks/clocks.c.o
 .bss.desc_str.0
                0x200019b4       0x28 CMakeFiles/stereoBoy_RP2350_FW.dir/home/iamericmin/.pico-sdk/sdk/2.2.0/src/rp2_common/pico_stdio_usb/stdio_usb_descriptors.c.o
 .bss.drivers   0x200019dc        0x4 CMakeFiles/stereoBoy_RP2350_FW.dir/home/iamericmin/.pico-sdk/sdk/2.2.0/src/rp2_common/pico_stdio/stdio.c.o
 .bss.dst       0x200019e0       0x19 CMakeFiles/stereoBoy_RP2350_FW.dir/main.c.o
                0x200019e0                dst
 *fill*         0x200019f9        0x3 
 .bss.e15_last_sof
                0x200019fc        0x4 CMakeFiles/stereoBoy_RP2350_FW.dir/home/iamericmin/.pico-sdk/sdk/2.2.0/lib/tinyusb/src/portable/raspberrypi/rp2040/rp2040_usb.c.o
                0x200019fc                e15_last_sof
 .bss.filter    0x20001a00        0x4 CMakeFiles/stereoBoy_RP2350_FW.dir/home/iamericmin/.pico-sdk/sdk/2.2.0/src/rp2_common/pico_stdio/stdio.c.o
 .bss.hw_endpoints
                0x20001a04      0x400 CMakeFiles/stereoBoy_RP2350_FW.dir/home/iamericmin/.pico-sdk/sdk/2.2.0/lib/tinyusb/src/portable/raspberrypi/rp2040/dcd_rp2040.c.o
 .bss.lazy_vsnprintf
                0x20001e04        0x4 CMakeFiles/stereoBoy_RP2350_FW.dir/home/iamericmin/.pico-sdk/sdk/2.2.0/src/rp2_common/pico_printf/printf.c.o
 .bss.load_value
                0x20001e08        0x4 CMakeFiles/stereoBoy_RP2350_FW.dir/home/iamericmin/.pico-sdk/sdk/2.2.0/src/rp2_common/hardware_watchdog/watchdog.c.o
 .bss.next_buffer_ptr
                0x20001e0c        0x4 CMakeFiles/stereoBoy_RP2350_FW.dir/home/iamericmin/.pico-sdk/sdk/2.2.0/lib/tinyusb/src/portable/raspberrypi/rp2040/dcd_rp2040.c.o
 .bss.object.0  0x20001e10       0x18 /home/iamericmin/.pico-sdk/toolchain/14_2_Rel1/bin/../lib/gcc/arm-none-eabi/14.2.1/thumb/v8-m.main+fp/softfp/crtbegin.o
 .bss.one_shot_timer_crit_sec
                0x20001e28        0x8 CMakeFiles/stereoBoy_RP2350_FW.dir/home/iamericmin/.pico-sdk/sdk/2.2.0/src/rp2_common/pico_stdio_usb/stdio_usb.c.o
 .bss.pools     0x20001e30       0x20 CMakeFiles/stereoBoy_RP2350_FW.dir/home/iamericmin/.pico-sdk/sdk/2.2.0/src/common/pico_time/time.c.o
 .bss.retrieved_id
                0x20001e50        0x8 CMakeFiles/stereoBoy_RP2350_FW.dir/home/iamericmin/.pico-sdk/sdk/2.2.0/src/rp2_common/pico_unique_id/unique_id.c.o
 .bss.sleep_notifier
                0x20001e58        0x4 CMakeFiles/stereoBoy_RP2350_FW.dir/home/iamericmin/.pico-sdk/sdk/2.2.0/src/common/pico_time/time.c.o
 .bss.stdio_usb_mutex
                0x20001e5c        0x8 CMakeFiles/stereoBoy_RP2350_FW.dir/home/iamericmin/.pico-sdk/sdk/2.2.0/src/rp2_common/pico_stdio_usb/stdio_usb.c.o
 .bss.usbd_serial_str
                0x20001e64       0x11 CMakeFiles/stereoBoy_RP2350_FW.dir/home/iamericmin/.pico-sdk/sdk/2.2.0/src/rp2_common/pico_stdio_usb/stdio_usb_descriptors.c.o
 *fill*         0x20001e75        0x1 
 .bss._claimed  0x20001e76        0x2 CMakeFiles/stereoBoy_RP2350_FW.dir/home/iamericmin/.pico-sdk/sdk/2.2.0/src/rp2_common/hardware_dma/dma.c.o
 .bss._app_driver_count
                0x20001e78        0x1 CMakeFiles/stereoBoy_RP2350_FW.dir/home/iamericmin/.pico-sdk/sdk/2.2.0/lib/tinyusb/src/device/usbd.c.o
 .bss._sof_enable
                0x20001e79        0x1 CMakeFiles/stereoBoy_RP2350_FW.dir/home/iamericmin/.pico-sdk/sdk/2.2.0/lib/tinyusb/src/portable/raspberrypi/rp2040/dcd_rp2040.c.o
 .bss._usbd_queued_setup
                0x20001e7a        0x1 CMakeFiles/stereoBoy_RP2350_FW.dir/home/iamericmin/.pico-sdk/sdk/2.2.0/lib/tinyusb/src/device/usbd.c.o
 .bss.irq_handler_chain_free_slot_head
                0x20001e7b        0x1 CMakeFiles/stereoBoy_RP2350_FW.dir/home/iamericmin/.pico-sdk/sdk/2.2.0/src/rp2_common/hardware_irq/irq.c.o
 .bss.itf_num   0x20001e7c        0x1 CMakeFiles/stereoBoy_RP2350_FW.dir/home/iamericmin/.pico-sdk/sdk/2.2.0/src/rp2_common/pico_stdio_usb/reset_interface.c.o
 .bss.low_priority_irq_num
                0x20001e7d        0x1 CMakeFiles/stereoBoy_RP2350_FW.dir/home/iamericmin/.pico-sdk/sdk/2.2.0/src/rp2_common/pico_stdio_usb/stdio_usb.c.o
 .bss.one_shot_timer_pending
                0x20001e7e        0x1 CMakeFiles/stereoBoy_RP2350_FW.dir/home/iamericmin/.pico-sdk/sdk/2.2.0/src/rp2_common/pico_stdio_usb/stdio_usb.c.o
 .bss.user_irq_claimed
                0x20001e7f        0x1 CMakeFiles/stereoBoy_RP2350_FW.dir/home/iamericmin/.pico-sdk/sdk/2.2.0/src/rp2_common/hardware_irq/irq.c.o
 *(COMMON)
                [!provide]                        PROVIDE (__global_pointer$ = (. + 0x800))
 *(.sbss*)
                0x20001e80                        . = ALIGN (0x4)
                0x20001e80                        __bss_end__ = .

.heap           0x20001e80      0x800 load address 0x10007a64
                0x20001e80                        __end__ = .
                0x20001e80                        end = __end__
 *(.heap*)
 .heap          0x20001e80      0x800 CMakeFiles/stereoBoy_RP2350_FW.dir/home/iamericmin/.pico-sdk/sdk/2.2.0/src/rp2_common/pico_crt0/crt0.S.o
                0x20080000                        __HeapLimit = (ORIGIN (RAM) + LENGTH (RAM))

.scratch_x      0x20080000        0x0 load address 0x10007a64
                0x20080000                        __scratch_x_start__ = .
 *(.scratch_x.*)
                0x20080000                        . = ALIGN (0x4)
                0x20080000                        __scratch_x_end__ = .
                0x10007a64                        __scratch_x_source__ = LOADADDR (.scratch_x)

.scratch_y      0x20081000        0x0 load address 0x10007a64
                0x20081000                        __scratch_y_start__ = .
 *(.scratch_y.*)
                0x20081000                        . = ALIGN (0x4)
                0x20081000                        __scratch_y_end__ = .
                0x10007a64                        __scratch_y_source__ = LOADADDR (.scratch_y)

.stack1_dummy
 *(.stack1*)

.stack_dummy    0x20081000      0x800
 *(.stack*)
 .stack         0x20081000      0x800 CMakeFiles/stereoBoy_RP2350_FW.dir/home/iamericmin/.pico-sdk/sdk/2.2.0/src/rp2_common/pico_crt0/crt0.S.o

.flash_end      0x10007a64       0x14
 *(.embedded_end_block*)
 .embedded_end_block
                0x10007a64       0x14 CMakeFiles/stereoBoy_RP2350_FW.dir/home/iamericmin/.pico-sdk/sdk/2.2.0/src/rp2_common/pico_crt0/crt0.S.o
                0x10007a78                        PROVIDE (__flash_binary_end = .)
                0x20080000                        __StackLimit = (ORIGIN (RAM) + LENGTH (RAM))
                0x20081000                        __StackOneTop = (ORIGIN (SCRATCH_X) + LENGTH (SCRATCH_X))
                0x20082000                        __StackTop = (ORIGIN (SCRATCH_Y) + LENGTH (SCRATCH_Y))
                0x20081000                        __StackOneBottom = (__StackOneTop - SIZEOF (.stack1_dummy))
                0x20081800                        __StackBottom = (__StackTop - SIZEOF (.stack_dummy))
                0x20082000                        PROVIDE (__stack = __StackTop)
                [!provide]                        PROVIDE (__heap_start = __end__)
                [!provide]                        PROVIDE (__heap_end = __HeapLimit)
                [!provide]                        PROVIDE (__tls_align = MAX (ALIGNOF (.tdata), ALIGNOF (.tbss)))
                [!provide]                        PROVIDE (__tls_size_align = (((__tls_size + __tls_align) - 0x1) & ~ ((__tls_align - 0x1))))
                [!provide]                        PROVIDE (__arm32_tls_tcb_offset = MAX (0x8, __tls_align))
                [!provide]                        PROVIDE (_end = __end__)
                [!provide]                        PROVIDE (__llvm_libc_heap_limit = __HeapLimit)
                0x00000001                        ASSERT ((__StackLimit >= __HeapLimit), region RAM overflowed)
                0x00000001                        ASSERT (((__binary_info_header_end - __logical_binary_start) <= 0x400), Binary info must be in first 1024 bytes of the binary)
                0x00000001                        ASSERT (((__embedded_block_end - __logical_binary_start) <= 0x1000), Embedded block must be in first 4096 bytes of the binary)
LOAD CMakeFiles/stereoBoy_RP2350_FW.dir/main.c.o
LOAD CMakeFiles/stereoBoy_RP2350_FW.dir/home/iamericmin/.pico-sdk/sdk/2.2.0/src/rp2_common/pico_stdlib/stdlib.c.o
LOAD CMakeFiles/stereoBoy_RP2350_FW.dir/home/iamericmin/.pico-sdk/sdk/2.2.0/src/rp2_common/hardware_gpio/gpio.c.o
LOAD CMakeFiles/stereoBoy_RP2350_FW.dir/home/iamericmin/.pico-sdk/sdk/2.2.0/src/rp2350/pico_platform/platform.c.o
LOAD CMakeFiles/stereoBoy_RP2350_FW.dir/home/iamericmin/.pico-sdk/sdk/2.2.0/src/rp2_common/pico_platform_common/common.c.o
LOAD CMakeFiles/stereoBoy_RP2350_FW.dir/home/iamericmin/.pico-sdk/sdk/2.2.0/src/rp2_common/pico_platform_panic/panic.c.o
LOAD CMakeFiles/stereoBoy_RP2350_FW.dir/home/iamericmin/.pico-sdk/sdk/2.2.0/src/common/hardware_claim/claim.c.o
LOAD CMakeFiles/stereoBoy_RP2350_FW.dir/home/iamericmin/.pico-sdk/sdk/2.2.0/src/rp2_common/hardware_sync/sync.c.o
LOAD CMakeFiles/stereoBoy_RP2350_FW.dir/home/iamericmin/.pico-sdk/sdk/2.2.0/src/rp2_common/hardware_sync_spin_lock/sync_spin_lock.c.o
LOAD CMakeFiles/stereoBoy_RP2350_FW.dir/home/iamericmin/.pico-sdk/sdk/2.2.0/src/rp2_common/hardware_irq/irq.c.o
LOAD CMakeFiles/stereoBoy_RP2350_FW.dir/home/iamericmin/.pico-sdk/sdk/2.2.0/src/rp2_common/hardware_irq/irq_handler_chain.S.o